2026-06-03 13:22:35.638 +03:00 [INF] Now listening on: http://localhost:5112
2026-06-03 13:22:35.691 +03:00 [INF] Application started. Press Ctrl+C to shut down.
2026-06-03 13:22:35.692 +03:00 [INF] Hosting environment: Development
2026-06-03 13:22:35.693 +03:00 [INF] Content root path: c:\Users\Thales\Desktop\netcore\LibraryApp\LibraryApp.Api
2026-06-03 13:26:44.717 +03:00 [INF] Request starting HTTP/1.1 GET http://localhost:5112/ - null null
2026-06-03 13:26:44.866 +03:00 [INF] HTTP GET / responded 301 in 105.7142 ms
2026-06-03 13:26:44.878 +03:00 [INF] Request finished HTTP/1.1 GET http://localhost:5112/ - 301 0 null 163.5781ms
2026-06-03 13:26:44.887 +03:00 [INF] Request starting HTTP/1.1 GET http://localhost:5112/index.html - null null
2026-06-03 13:26:44.986 +03:00 [INF] HTTP GET /index.html responded 200 in 97.6199 ms
2026-06-03 13:26:44.987 +03:00 [INF] Request finished HTTP/1.1 GET http://localhost:5112/index.html - 200 null text/html;charset=utf-8 100.8598ms
2026-06-03 13:26:45.065 +03:00 [INF] Request starting HTTP/1.1 GET http://localhost:5112/swagger-ui.css - null null
2026-06-03 13:26:45.092 +03:00 [INF] Request starting HTTP/1.1 GET http://localhost:5112/swagger-ui-bundle.js - null null
2026-06-03 13:26:45.093 +03:00 [INF] Request starting HTTP/1.1 GET http://localhost:5112/swagger-ui-standalone-preset.js - null null
2026-06-03 13:26:45.125 +03:00 [INF] Sending file. Request path: '/swagger-ui.css'. Physical path: 'N/A'
2026-06-03 13:26:45.128 +03:00 [INF] HTTP GET /swagger-ui.css responded 200 in 61.9768 ms
2026-06-03 13:26:45.131 +03:00 [INF] Sending file. Request path: '/swagger-ui-standalone-preset.js'. Physical path: 'N/A'
2026-06-03 13:26:45.131 +03:00 [INF] HTTP GET /swagger-ui-standalone-preset.js responded 200 in 37.3336 ms
2026-06-03 13:26:45.134 +03:00 [INF] Request finished HTTP/1.1 GET http://localhost:5112/swagger-ui-standalone-preset.js - 200 230280 text/javascript 41.2866ms
2026-06-03 13:26:45.138 +03:00 [INF] Request finished HTTP/1.1 GET http://localhost:5112/swagger-ui.css - 200 152034 text/css 73.5532ms
2026-06-03 13:26:45.165 +03:00 [INF] Request starting HTTP/1.1 GET http://localhost:5112/swagger-ui-standalone-preset.js - null null
2026-06-03 13:26:45.167 +03:00 [INF] Sending file. Request path: '/swagger-ui-standalone-preset.js'. Physical path: 'N/A'
2026-06-03 13:26:45.168 +03:00 [INF] HTTP GET /swagger-ui-standalone-preset.js responded 200 in 2.8290 ms
2026-06-03 13:26:45.168 +03:00 [INF] Request finished HTTP/1.1 GET http://localhost:5112/swagger-ui-standalone-preset.js - 200 230280 text/javascript 3.6707ms
2026-06-03 13:26:45.181 +03:00 [INF] Sending file. Request path: '/swagger-ui-bundle.js'. Physical path: 'N/A'
2026-06-03 13:26:45.181 +03:00 [INF] HTTP GET /swagger-ui-bundle.js responded 200 in 89.3080 ms
2026-06-03 13:26:45.181 +03:00 [INF] Request finished HTTP/1.1 GET http://localhost:5112/swagger-ui-bundle.js - 200 1456926 text/javascript 89.9847ms
2026-06-03 13:26:45.663 +03:00 [INF] Request starting HTTP/1.1 GET http://localhost:5112/swagger/v1/swagger.json - null null
2026-06-03 13:26:45.722 +03:00 [INF] Request starting HTTP/1.1 GET http://localhost:5112/favicon-32x32.png - null null
2026-06-03 13:26:45.724 +03:00 [INF] Sending file. Request path: '/favicon-32x32.png'. Physical path: 'N/A'
2026-06-03 13:26:45.724 +03:00 [INF] HTTP GET /favicon-32x32.png responded 200 in 1.1918 ms
2026-06-03 13:26:45.724 +03:00 [INF] Request finished HTTP/1.1 GET http://localhost:5112/favicon-32x32.png - 200 628 image/png 2.4659ms
2026-06-03 13:26:45.813 +03:00 [INF] Request starting HTTP/1.1 GET http://localhost:5112/swagger-ui-bundle.js - null null
2026-06-03 13:26:45.824 +03:00 [INF] Sending file. Request path: '/swagger-ui-bundle.js'. Physical path: 'N/A'
2026-06-03 13:26:45.824 +03:00 [INF] HTTP GET /swagger-ui-bundle.js responded 200 in 10.3763 ms
2026-06-03 13:26:45.824 +03:00 [INF] Request finished HTTP/1.1 GET http://localhost:5112/swagger-ui-bundle.js - 200 1456926 text/javascript 11.2316ms
2026-06-03 13:26:45.980 +03:00 [INF] HTTP GET /swagger/v1/swagger.json responded 200 in 316.4474 ms
2026-06-03 13:26:45.980 +03:00 [INF] Request finished HTTP/1.1 GET http://localhost:5112/swagger/v1/swagger.json - 200 null application/json;charset=utf-8 317.3606ms
2026-06-03 13:27:24.313 +03:00 [INF] Request starting HTTP/1.1 GET http://localhost:5112/api/Authors - null null
2026-06-03 13:27:24.362 +03:00 [INF] Route matched with {action = "GetAll", controller = "Authors"}. Executing controller action with signature System.Threading.Tasks.Task`1[Microsoft.AspNetCore.Mvc.IActionResult] GetAll(System.Threading.CancellationToken) on controller LibraryApp.Api.Controllers.AuthorsController (LibraryApp.Api).
2026-06-03 13:27:28.554 +03:00 [INF] Executing OkObjectResult, writing value of type 'System.Collections.Generic.List`1[[<>f__AnonymousType0`2[[System.Int32, System.Private.CoreLib, Version=8.0.0.0, Culture=neutral, PublicKeyToken=7cec85d7bea7798e],[System.String, System.Private.CoreLib, Version=8.0.0.0, Culture=neutral, PublicKeyToken=7cec85d7bea7798e]], LibraryApp.Api, Version=1.0.0.0, Culture=neutral, PublicKeyToken=null]]'.
2026-06-03 13:27:28.604 +03:00 [INF] Executed action LibraryApp.Api.Controllers.AuthorsController.GetAll (LibraryApp.Api) in 4235.6073ms
2026-06-03 13:27:28.604 +03:00 [INF] HTTP GET /api/Authors responded 200 in 4286.2971 ms
2026-06-03 13:27:28.613 +03:00 [INF] Request finished HTTP/1.1 GET http://localhost:5112/api/Authors - 200 null application/json; charset=utf-8 4300.9168ms
2026-06-03 14:34:27.353 +03:00 [INF] Now listening on: http://localhost:5112
2026-06-03 14:34:27.417 +03:00 [INF] Application started. Press Ctrl+C to shut down.
2026-06-03 14:34:27.422 +03:00 [INF] Hosting environment: Development
2026-06-03 14:34:27.422 +03:00 [INF] Content root path: c:\Users\Thales\Desktop\netcore\LibraryApp\LibraryApp.Api
2026-06-03 14:34:28.247 +03:00 [INF] Request starting HTTP/1.1 GET http://localhost:5112/index.html - null null
2026-06-03 14:34:28.487 +03:00 [INF] HTTP GET /index.html responded 200 in 199.7909 ms
2026-06-03 14:34:28.494 +03:00 [INF] Request finished HTTP/1.1 GET http://localhost:5112/index.html - 200 null text/html;charset=utf-8 248.181ms
2026-06-03 14:34:29.261 +03:00 [INF] Request starting HTTP/1.1 GET http://localhost:5112/swagger/v1/swagger.json - null null
2026-06-03 14:34:29.582 +03:00 [INF] HTTP GET /swagger/v1/swagger.json responded 200 in 320.3381 ms
2026-06-03 14:34:29.583 +03:00 [INF] Request finished HTTP/1.1 GET http://localhost:5112/swagger/v1/swagger.json - 200 null application/json;charset=utf-8 323.528ms
2026-06-03 14:34:34.551 +03:00 [INF] Request starting HTTP/1.1 GET http://localhost:5112/api/Authors - null null
2026-06-03 14:34:34.601 +03:00 [INF] Route matched with {action = "GetAll", controller = "Authors"}. Executing controller action with signature System.Threading.Tasks.Task`1[Microsoft.AspNetCore.Mvc.IActionResult] GetAll(System.Threading.CancellationToken) on controller LibraryApp.Api.Controllers.AuthorsController (LibraryApp.Api).
2026-06-03 14:34:35.966 +03:00 [INF] Executed action LibraryApp.Api.Controllers.AuthorsController.GetAll (LibraryApp.Api) in 1359.7132ms
2026-06-03 14:34:35.967 +03:00 [ERR] HTTP GET /api/Authors responded 500 in 1410.0728 ms
System.InvalidOperationException: The LINQ expression 'DbSet<Author>()
    .OrderBy(a => new AuthorDto(
        a.AuthorId, 
        a.FullName, 
        a.Biography
    ).FullName)' could not be translated. Either rewrite the query in a form that can be translated, or switch to client evaluation explicitly by inserting a call to 'AsEnumerable', 'AsAsyncEnumerable', 'ToList', or 'ToListAsync'. See https://go.microsoft.com/fwlink/?linkid=2101038 for more information.
   at Microsoft.EntityFrameworkCore.Query.QueryableMethodTranslatingExpressionVisitor.Translate(Expression expression)
   at Microsoft.EntityFrameworkCore.Query.RelationalQueryableMethodTranslatingExpressionVisitor.Translate(Expression expression)
   at Microsoft.EntityFrameworkCore.Query.QueryCompilationContext.CreateQueryExecutor[TResult](Expression query)
   at Microsoft.EntityFrameworkCore.Storage.Database.CompileQuery[TResult](Expression query, Boolean async)
   at Microsoft.EntityFrameworkCore.Query.Internal.QueryCompiler.CompileQueryCore[TResult](IDatabase database, Expression query, IModel model, Boolean async)
   at Microsoft.EntityFrameworkCore.Query.Internal.QueryCompiler.<>c__DisplayClass12_0`1.<ExecuteAsync>b__0()
   at Microsoft.EntityFrameworkCore.Query.Internal.CompiledQueryCache.GetOrAddQuery[TResult](Object cacheKey, Func`1 compiler)
   at Microsoft.EntityFrameworkCore.Query.Internal.QueryCompiler.ExecuteAsync[TResult](Expression query, CancellationToken cancellationToken)
   at Microsoft.EntityFrameworkCore.Query.Internal.EntityQueryProvider.ExecuteAsync[TResult](Expression expression, CancellationToken cancellationToken)
   at Microsoft.EntityFrameworkCore.Query.Internal.EntityQueryable`1.GetAsyncEnumerator(CancellationToken cancellationToken)
   at System.Runtime.CompilerServices.ConfiguredCancelableAsyncEnumerable`1.GetAsyncEnumerator()
   at Microsoft.EntityFrameworkCore.EntityFrameworkQueryableExtensions.ToListAsync[TSource](IQueryable`1 source, CancellationToken cancellationToken)
   at LibraryApp.Data.Repositories.AuthorRepository.GetAllAsync(CancellationToken ct) in c:\Users\Thales\Desktop\netcore\LibraryApp\LibraryApp.Data\Repositories\AuthorRepository.cs:line 25
   at LibraryApp.Api.Controllers.AuthorsController.GetAll(CancellationToken ct) in c:\Users\Thales\Desktop\netcore\LibraryApp\LibraryApp.Api\Controllers\AuthorsController.cs:line 21
   at Microsoft.AspNetCore.Mvc.Infrastructure.ActionMethodExecutor.TaskOfIActionResultExecutor.Execute(ActionContext actionContext, IActionResultTypeMapper mapper, ObjectMethodExecutor executor, Object controller, Object[] arguments)
   at Microsoft.AspNetCore.Mvc.Infrastructure.ControllerActionInvoker.<InvokeActionMethodAsync>g__Awaited|12_0(ControllerActionInvoker invoker, ValueTask`1 actionResultValueTask)
   at Microsoft.AspNetCore.Mvc.Infrastructure.ControllerActionInvoker.<InvokeNextActionFilterAsync>g__Awaited|10_0(ControllerActionInvoker invoker, Task lastTask, State next, Scope scope, Object state, Boolean isCompleted)
   at Microsoft.AspNetCore.Mvc.Infrastructure.ControllerActionInvoker.Rethrow(ActionExecutedContextSealed context)
   at Microsoft.AspNetCore.Mvc.Infrastructure.ControllerActionInvoker.Next(State& next, Scope& scope, Object& state, Boolean& isCompleted)
   at Microsoft.AspNetCore.Mvc.Infrastructure.ControllerActionInvoker.InvokeInnerFilterAsync()
--- End of stack trace from previous location ---
   at Microsoft.AspNetCore.Mvc.Infrastructure.ResourceInvoker.<InvokeFilterPipelineAsync>g__Awaited|20_0(ResourceInvoker invoker, Task lastTask, State next, Scope scope, Object state, Boolean isCompleted)
   at Microsoft.AspNetCore.Mvc.Infrastructure.ResourceInvoker.<InvokeAsync>g__Logged|17_1(ResourceInvoker invoker)
   at Microsoft.AspNetCore.Mvc.Infrastructure.ResourceInvoker.<InvokeAsync>g__Logged|17_1(ResourceInvoker invoker)
   at Swashbuckle.AspNetCore.SwaggerUI.SwaggerUIMiddleware.Invoke(HttpContext httpContext)
   at Swashbuckle.AspNetCore.Swagger.SwaggerMiddleware.Invoke(HttpContext httpContext, ISwaggerProvider swaggerProvider)
   at Serilog.AspNetCore.RequestLoggingMiddleware.Invoke(HttpContext httpContext)
2026-06-03 14:34:36.012 +03:00 [ERR] Unhandled exception on GET /api/Authors
System.InvalidOperationException: The LINQ expression 'DbSet<Author>()
    .OrderBy(a => new AuthorDto(
        a.AuthorId, 
        a.FullName, 
        a.Biography
    ).FullName)' could not be translated. Either rewrite the query in a form that can be translated, or switch to client evaluation explicitly by inserting a call to 'AsEnumerable', 'AsAsyncEnumerable', 'ToList', or 'ToListAsync'. See https://go.microsoft.com/fwlink/?linkid=2101038 for more information.
   at Microsoft.EntityFrameworkCore.Query.QueryableMethodTranslatingExpressionVisitor.Translate(Expression expression)
   at Microsoft.EntityFrameworkCore.Query.RelationalQueryableMethodTranslatingExpressionVisitor.Translate(Expression expression)
   at Microsoft.EntityFrameworkCore.Query.QueryCompilationContext.CreateQueryExecutor[TResult](Expression query)
   at Microsoft.EntityFrameworkCore.Storage.Database.CompileQuery[TResult](Expression query, Boolean async)
   at Microsoft.EntityFrameworkCore.Query.Internal.QueryCompiler.CompileQueryCore[TResult](IDatabase database, Expression query, IModel model, Boolean async)
   at Microsoft.EntityFrameworkCore.Query.Internal.QueryCompiler.<>c__DisplayClass12_0`1.<ExecuteAsync>b__0()
   at Microsoft.EntityFrameworkCore.Query.Internal.CompiledQueryCache.GetOrAddQuery[TResult](Object cacheKey, Func`1 compiler)
   at Microsoft.EntityFrameworkCore.Query.Internal.QueryCompiler.ExecuteAsync[TResult](Expression query, CancellationToken cancellationToken)
   at Microsoft.EntityFrameworkCore.Query.Internal.EntityQueryProvider.ExecuteAsync[TResult](Expression expression, CancellationToken cancellationToken)
   at Microsoft.EntityFrameworkCore.Query.Internal.EntityQueryable`1.GetAsyncEnumerator(CancellationToken cancellationToken)
   at System.Runtime.CompilerServices.ConfiguredCancelableAsyncEnumerable`1.GetAsyncEnumerator()
   at Microsoft.EntityFrameworkCore.EntityFrameworkQueryableExtensions.ToListAsync[TSource](IQueryable`1 source, CancellationToken cancellationToken)
   at LibraryApp.Data.Repositories.AuthorRepository.GetAllAsync(CancellationToken ct) in c:\Users\Thales\Desktop\netcore\LibraryApp\LibraryApp.Data\Repositories\AuthorRepository.cs:line 25
   at LibraryApp.Api.Controllers.AuthorsController.GetAll(CancellationToken ct) in c:\Users\Thales\Desktop\netcore\LibraryApp\LibraryApp.Api\Controllers\AuthorsController.cs:line 21
   at Microsoft.AspNetCore.Mvc.Infrastructure.ActionMethodExecutor.TaskOfIActionResultExecutor.Execute(ActionContext actionContext, IActionResultTypeMapper mapper, ObjectMethodExecutor executor, Object controller, Object[] arguments)
   at Microsoft.AspNetCore.Mvc.Infrastructure.ControllerActionInvoker.<InvokeActionMethodAsync>g__Awaited|12_0(ControllerActionInvoker invoker, ValueTask`1 actionResultValueTask)
   at Microsoft.AspNetCore.Mvc.Infrastructure.ControllerActionInvoker.<InvokeNextActionFilterAsync>g__Awaited|10_0(ControllerActionInvoker invoker, Task lastTask, State next, Scope scope, Object state, Boolean isCompleted)
   at Microsoft.AspNetCore.Mvc.Infrastructure.ControllerActionInvoker.Rethrow(ActionExecutedContextSealed context)
   at Microsoft.AspNetCore.Mvc.Infrastructure.ControllerActionInvoker.Next(State& next, Scope& scope, Object& state, Boolean& isCompleted)
   at Microsoft.AspNetCore.Mvc.Infrastructure.ControllerActionInvoker.InvokeInnerFilterAsync()
--- End of stack trace from previous location ---
   at Microsoft.AspNetCore.Mvc.Infrastructure.ResourceInvoker.<InvokeFilterPipelineAsync>g__Awaited|20_0(ResourceInvoker invoker, Task lastTask, State next, Scope scope, Object state, Boolean isCompleted)
   at Microsoft.AspNetCore.Mvc.Infrastructure.ResourceInvoker.<InvokeAsync>g__Logged|17_1(ResourceInvoker invoker)
   at Microsoft.AspNetCore.Mvc.Infrastructure.ResourceInvoker.<InvokeAsync>g__Logged|17_1(ResourceInvoker invoker)
   at Swashbuckle.AspNetCore.SwaggerUI.SwaggerUIMiddleware.Invoke(HttpContext httpContext)
   at Swashbuckle.AspNetCore.Swagger.SwaggerMiddleware.Invoke(HttpContext httpContext, ISwaggerProvider swaggerProvider)
   at Serilog.AspNetCore.RequestLoggingMiddleware.Invoke(HttpContext httpContext)
   at LibraryApp.Api.Middleware.ExceptionMiddleware.InvokeAsync(HttpContext context) in c:\Users\Thales\Desktop\netcore\LibraryApp\LibraryApp.Api\Middleware\ExceptionMiddleware.cs:line 22
2026-06-03 14:34:36.077 +03:00 [INF] Request finished HTTP/1.1 GET http://localhost:5112/api/Authors - 500 null application/problem+json 1526.049ms
2026-06-03 14:34:44.770 +03:00 [INF] Request starting HTTP/1.1 POST http://localhost:5112/api/Authors - application/json 51
2026-06-03 14:34:44.778 +03:00 [INF] CORS policy execution failed.
2026-06-03 14:34:44.780 +03:00 [INF] Request origin http://localhost:5112 does not have permission to access the resource.
2026-06-03 14:34:44.793 +03:00 [INF] Route matched with {action = "Create", controller = "Authors"}. Executing controller action with signature System.Threading.Tasks.Task`1[Microsoft.AspNetCore.Mvc.IActionResult] Create(LibraryApp.Core.DTOs.CreateAuthorCommand, System.Threading.CancellationToken) on controller LibraryApp.Api.Controllers.AuthorsController (LibraryApp.Api).
2026-06-03 14:34:46.786 +03:00 [INF] Author created: AuthorId=4, FullName=string
2026-06-03 14:34:46.796 +03:00 [INF] Executing CreatedAtActionResult, writing value of type 'LibraryApp.Core.DTOs.CreateAuthorResult'.
2026-06-03 14:34:46.825 +03:00 [INF] Executed action LibraryApp.Api.Controllers.AuthorsController.Create (LibraryApp.Api) in 2031.498ms
2026-06-03 14:34:46.826 +03:00 [INF] HTTP POST /api/Authors responded 201 in 2053.8676 ms
2026-06-03 14:34:46.835 +03:00 [INF] Request finished HTTP/1.1 POST http://localhost:5112/api/Authors - 201 null application/json; charset=utf-8 2064.8441ms
2026-06-03 14:34:56.849 +03:00 [INF] Request starting HTTP/1.1 GET http://localhost:5112/api/Authors/1 - null null
2026-06-03 14:34:56.859 +03:00 [INF] Route matched with {action = "GetById", controller = "Authors"}. Executing controller action with signature System.Threading.Tasks.Task`1[Microsoft.AspNetCore.Mvc.IActionResult] GetById(Int32, System.Threading.CancellationToken) on controller LibraryApp.Api.Controllers.AuthorsController (LibraryApp.Api).
2026-06-03 14:34:56.970 +03:00 [INF] Executing OkObjectResult, writing value of type 'LibraryApp.Core.DTOs.AuthorDto'.
2026-06-03 14:34:56.972 +03:00 [INF] Executed action LibraryApp.Api.Controllers.AuthorsController.GetById (LibraryApp.Api) in 112.7171ms
2026-06-03 14:34:56.973 +03:00 [INF] HTTP GET /api/Authors/1 responded 200 in 122.3413 ms
2026-06-03 14:34:56.973 +03:00 [INF] Request finished HTTP/1.1 GET http://localhost:5112/api/Authors/1 - 200 null application/json; charset=utf-8 123.8875ms
2026-06-03 14:35:03.203 +03:00 [INF] Request starting HTTP/1.1 GET http://localhost:5112/api/Authors - null null
2026-06-03 14:35:03.204 +03:00 [INF] Route matched with {action = "GetAll", controller = "Authors"}. Executing controller action with signature System.Threading.Tasks.Task`1[Microsoft.AspNetCore.Mvc.IActionResult] GetAll(System.Threading.CancellationToken) on controller LibraryApp.Api.Controllers.AuthorsController (LibraryApp.Api).
2026-06-03 14:35:03.213 +03:00 [INF] Executed action LibraryApp.Api.Controllers.AuthorsController.GetAll (LibraryApp.Api) in 8.474ms
2026-06-03 14:35:03.213 +03:00 [ERR] HTTP GET /api/Authors responded 500 in 9.6458 ms
System.InvalidOperationException: The LINQ expression 'DbSet<Author>()
    .OrderBy(a => new AuthorDto(
        a.AuthorId, 
        a.FullName, 
        a.Biography
    ).FullName)' could not be translated. Either rewrite the query in a form that can be translated, or switch to client evaluation explicitly by inserting a call to 'AsEnumerable', 'AsAsyncEnumerable', 'ToList', or 'ToListAsync'. See https://go.microsoft.com/fwlink/?linkid=2101038 for more information.
   at Microsoft.EntityFrameworkCore.Query.QueryableMethodTranslatingExpressionVisitor.Translate(Expression expression)
   at Microsoft.EntityFrameworkCore.Query.RelationalQueryableMethodTranslatingExpressionVisitor.Translate(Expression expression)
   at Microsoft.EntityFrameworkCore.Query.QueryCompilationContext.CreateQueryExecutor[TResult](Expression query)
   at Microsoft.EntityFrameworkCore.Storage.Database.CompileQuery[TResult](Expression query, Boolean async)
   at Microsoft.EntityFrameworkCore.Query.Internal.QueryCompiler.CompileQueryCore[TResult](IDatabase database, Expression query, IModel model, Boolean async)
   at Microsoft.EntityFrameworkCore.Query.Internal.QueryCompiler.<>c__DisplayClass12_0`1.<ExecuteAsync>b__0()
   at Microsoft.EntityFrameworkCore.Query.Internal.CompiledQueryCache.GetOrAddQuery[TResult](Object cacheKey, Func`1 compiler)
   at Microsoft.EntityFrameworkCore.Query.Internal.QueryCompiler.ExecuteAsync[TResult](Expression query, CancellationToken cancellationToken)
   at Microsoft.EntityFrameworkCore.Query.Internal.EntityQueryProvider.ExecuteAsync[TResult](Expression expression, CancellationToken cancellationToken)
   at Microsoft.EntityFrameworkCore.Query.Internal.EntityQueryable`1.GetAsyncEnumerator(CancellationToken cancellationToken)
   at System.Runtime.CompilerServices.ConfiguredCancelableAsyncEnumerable`1.GetAsyncEnumerator()
   at Microsoft.EntityFrameworkCore.EntityFrameworkQueryableExtensions.ToListAsync[TSource](IQueryable`1 source, CancellationToken cancellationToken)
   at LibraryApp.Data.Repositories.AuthorRepository.GetAllAsync(CancellationToken ct) in c:\Users\Thales\Desktop\netcore\LibraryApp\LibraryApp.Data\Repositories\AuthorRepository.cs:line 25
   at LibraryApp.Api.Controllers.AuthorsController.GetAll(CancellationToken ct) in c:\Users\Thales\Desktop\netcore\LibraryApp\LibraryApp.Api\Controllers\AuthorsController.cs:line 21
   at Microsoft.AspNetCore.Mvc.Infrastructure.ActionMethodExecutor.TaskOfIActionResultExecutor.Execute(ActionContext actionContext, IActionResultTypeMapper mapper, ObjectMethodExecutor executor, Object controller, Object[] arguments)
   at Microsoft.AspNetCore.Mvc.Infrastructure.ControllerActionInvoker.<InvokeActionMethodAsync>g__Awaited|12_0(ControllerActionInvoker invoker, ValueTask`1 actionResultValueTask)
   at Microsoft.AspNetCore.Mvc.Infrastructure.ControllerActionInvoker.<InvokeNextActionFilterAsync>g__Awaited|10_0(ControllerActionInvoker invoker, Task lastTask, State next, Scope scope, Object state, Boolean isCompleted)
   at Microsoft.AspNetCore.Mvc.Infrastructure.ControllerActionInvoker.Rethrow(ActionExecutedContextSealed context)
   at Microsoft.AspNetCore.Mvc.Infrastructure.ControllerActionInvoker.Next(State& next, Scope& scope, Object& state, Boolean& isCompleted)
   at Microsoft.AspNetCore.Mvc.Infrastructure.ControllerActionInvoker.InvokeInnerFilterAsync()
--- End of stack trace from previous location ---
   at Microsoft.AspNetCore.Mvc.Infrastructure.ResourceInvoker.<InvokeFilterPipelineAsync>g__Awaited|20_0(ResourceInvoker invoker, Task lastTask, State next, Scope scope, Object state, Boolean isCompleted)
   at Microsoft.AspNetCore.Mvc.Infrastructure.ResourceInvoker.<InvokeAsync>g__Logged|17_1(ResourceInvoker invoker)
   at Microsoft.AspNetCore.Mvc.Infrastructure.ResourceInvoker.<InvokeAsync>g__Logged|17_1(ResourceInvoker invoker)
   at Swashbuckle.AspNetCore.SwaggerUI.SwaggerUIMiddleware.Invoke(HttpContext httpContext)
   at Swashbuckle.AspNetCore.Swagger.SwaggerMiddleware.Invoke(HttpContext httpContext, ISwaggerProvider swaggerProvider)
   at Serilog.AspNetCore.RequestLoggingMiddleware.Invoke(HttpContext httpContext)
2026-06-03 14:35:03.217 +03:00 [ERR] Unhandled exception on GET /api/Authors
System.InvalidOperationException: The LINQ expression 'DbSet<Author>()
    .OrderBy(a => new AuthorDto(
        a.AuthorId, 
        a.FullName, 
        a.Biography
    ).FullName)' could not be translated. Either rewrite the query in a form that can be translated, or switch to client evaluation explicitly by inserting a call to 'AsEnumerable', 'AsAsyncEnumerable', 'ToList', or 'ToListAsync'. See https://go.microsoft.com/fwlink/?linkid=2101038 for more information.
   at Microsoft.EntityFrameworkCore.Query.QueryableMethodTranslatingExpressionVisitor.Translate(Expression expression)
   at Microsoft.EntityFrameworkCore.Query.RelationalQueryableMethodTranslatingExpressionVisitor.Translate(Expression expression)
   at Microsoft.EntityFrameworkCore.Query.QueryCompilationContext.CreateQueryExecutor[TResult](Expression query)
   at Microsoft.EntityFrameworkCore.Storage.Database.CompileQuery[TResult](Expression query, Boolean async)
   at Microsoft.EntityFrameworkCore.Query.Internal.QueryCompiler.CompileQueryCore[TResult](IDatabase database, Expression query, IModel model, Boolean async)
   at Microsoft.EntityFrameworkCore.Query.Internal.QueryCompiler.<>c__DisplayClass12_0`1.<ExecuteAsync>b__0()
   at Microsoft.EntityFrameworkCore.Query.Internal.CompiledQueryCache.GetOrAddQuery[TResult](Object cacheKey, Func`1 compiler)
   at Microsoft.EntityFrameworkCore.Query.Internal.QueryCompiler.ExecuteAsync[TResult](Expression query, CancellationToken cancellationToken)
   at Microsoft.EntityFrameworkCore.Query.Internal.EntityQueryProvider.ExecuteAsync[TResult](Expression expression, CancellationToken cancellationToken)
   at Microsoft.EntityFrameworkCore.Query.Internal.EntityQueryable`1.GetAsyncEnumerator(CancellationToken cancellationToken)
   at System.Runtime.CompilerServices.ConfiguredCancelableAsyncEnumerable`1.GetAsyncEnumerator()
   at Microsoft.EntityFrameworkCore.EntityFrameworkQueryableExtensions.ToListAsync[TSource](IQueryable`1 source, CancellationToken cancellationToken)
   at LibraryApp.Data.Repositories.AuthorRepository.GetAllAsync(CancellationToken ct) in c:\Users\Thales\Desktop\netcore\LibraryApp\LibraryApp.Data\Repositories\AuthorRepository.cs:line 25
   at LibraryApp.Api.Controllers.AuthorsController.GetAll(CancellationToken ct) in c:\Users\Thales\Desktop\netcore\LibraryApp\LibraryApp.Api\Controllers\AuthorsController.cs:line 21
   at Microsoft.AspNetCore.Mvc.Infrastructure.ActionMethodExecutor.TaskOfIActionResultExecutor.Execute(ActionContext actionContext, IActionResultTypeMapper mapper, ObjectMethodExecutor executor, Object controller, Object[] arguments)
   at Microsoft.AspNetCore.Mvc.Infrastructure.ControllerActionInvoker.<InvokeActionMethodAsync>g__Awaited|12_0(ControllerActionInvoker invoker, ValueTask`1 actionResultValueTask)
   at Microsoft.AspNetCore.Mvc.Infrastructure.ControllerActionInvoker.<InvokeNextActionFilterAsync>g__Awaited|10_0(ControllerActionInvoker invoker, Task lastTask, State next, Scope scope, Object state, Boolean isCompleted)
   at Microsoft.AspNetCore.Mvc.Infrastructure.ControllerActionInvoker.Rethrow(ActionExecutedContextSealed context)
   at Microsoft.AspNetCore.Mvc.Infrastructure.ControllerActionInvoker.Next(State& next, Scope& scope, Object& state, Boolean& isCompleted)
   at Microsoft.AspNetCore.Mvc.Infrastructure.ControllerActionInvoker.InvokeInnerFilterAsync()
--- End of stack trace from previous location ---
   at Microsoft.AspNetCore.Mvc.Infrastructure.ResourceInvoker.<InvokeFilterPipelineAsync>g__Awaited|20_0(ResourceInvoker invoker, Task lastTask, State next, Scope scope, Object state, Boolean isCompleted)
   at Microsoft.AspNetCore.Mvc.Infrastructure.ResourceInvoker.<InvokeAsync>g__Logged|17_1(ResourceInvoker invoker)
   at Microsoft.AspNetCore.Mvc.Infrastructure.ResourceInvoker.<InvokeAsync>g__Logged|17_1(ResourceInvoker invoker)
   at Swashbuckle.AspNetCore.SwaggerUI.SwaggerUIMiddleware.Invoke(HttpContext httpContext)
   at Swashbuckle.AspNetCore.Swagger.SwaggerMiddleware.Invoke(HttpContext httpContext, ISwaggerProvider swaggerProvider)
   at Serilog.AspNetCore.RequestLoggingMiddleware.Invoke(HttpContext httpContext)
   at LibraryApp.Api.Middleware.ExceptionMiddleware.InvokeAsync(HttpContext context) in c:\Users\Thales\Desktop\netcore\LibraryApp\LibraryApp.Api\Middleware\ExceptionMiddleware.cs:line 22
2026-06-03 14:35:03.225 +03:00 [INF] Request finished HTTP/1.1 GET http://localhost:5112/api/Authors - 500 null application/problem+json 21.7106ms
2026-06-03 14:35:19.302 +03:00 [INF] Now listening on: http://localhost:5112
2026-06-03 14:35:19.345 +03:00 [INF] Application started. Press Ctrl+C to shut down.
2026-06-03 14:35:19.345 +03:00 [INF] Hosting environment: Development
2026-06-03 14:35:19.345 +03:00 [INF] Content root path: c:\Users\Thales\Desktop\netcore\LibraryApp\LibraryApp.Api
2026-06-03 14:35:21.650 +03:00 [INF] Request starting HTTP/1.1 GET http://localhost:5112/api/Authors - null null
2026-06-03 14:35:21.763 +03:00 [INF] Route matched with {action = "GetAll", controller = "Authors"}. Executing controller action with signature System.Threading.Tasks.Task`1[Microsoft.AspNetCore.Mvc.IActionResult] GetAll(System.Threading.CancellationToken) on controller LibraryApp.Api.Controllers.AuthorsController (LibraryApp.Api).
2026-06-03 14:35:23.227 +03:00 [INF] Executed action LibraryApp.Api.Controllers.AuthorsController.GetAll (LibraryApp.Api) in 1458.4797ms
2026-06-03 14:35:23.236 +03:00 [ERR] HTTP GET /api/Authors responded 500 in 1542.4347 ms
System.InvalidOperationException: The LINQ expression 'DbSet<Author>()
    .OrderBy(a => new AuthorDto(
        a.AuthorId, 
        a.FullName, 
        a.Biography
    ).FullName)' could not be translated. Either rewrite the query in a form that can be translated, or switch to client evaluation explicitly by inserting a call to 'AsEnumerable', 'AsAsyncEnumerable', 'ToList', or 'ToListAsync'. See https://go.microsoft.com/fwlink/?linkid=2101038 for more information.
   at Microsoft.EntityFrameworkCore.Query.QueryableMethodTranslatingExpressionVisitor.Translate(Expression expression)
   at Microsoft.EntityFrameworkCore.Query.RelationalQueryableMethodTranslatingExpressionVisitor.Translate(Expression expression)
   at Microsoft.EntityFrameworkCore.Query.QueryCompilationContext.CreateQueryExecutor[TResult](Expression query)
   at Microsoft.EntityFrameworkCore.Storage.Database.CompileQuery[TResult](Expression query, Boolean async)
   at Microsoft.EntityFrameworkCore.Query.Internal.QueryCompiler.CompileQueryCore[TResult](IDatabase database, Expression query, IModel model, Boolean async)
   at Microsoft.EntityFrameworkCore.Query.Internal.QueryCompiler.<>c__DisplayClass12_0`1.<ExecuteAsync>b__0()
   at Microsoft.EntityFrameworkCore.Query.Internal.CompiledQueryCache.GetOrAddQuery[TResult](Object cacheKey, Func`1 compiler)
   at Microsoft.EntityFrameworkCore.Query.Internal.QueryCompiler.ExecuteAsync[TResult](Expression query, CancellationToken cancellationToken)
   at Microsoft.EntityFrameworkCore.Query.Internal.EntityQueryProvider.ExecuteAsync[TResult](Expression expression, CancellationToken cancellationToken)
   at Microsoft.EntityFrameworkCore.Query.Internal.EntityQueryable`1.GetAsyncEnumerator(CancellationToken cancellationToken)
   at System.Runtime.CompilerServices.ConfiguredCancelableAsyncEnumerable`1.GetAsyncEnumerator()
   at Microsoft.EntityFrameworkCore.EntityFrameworkQueryableExtensions.ToListAsync[TSource](IQueryable`1 source, CancellationToken cancellationToken)
   at LibraryApp.Data.Repositories.AuthorRepository.GetAllAsync(CancellationToken ct) in c:\Users\Thales\Desktop\netcore\LibraryApp\LibraryApp.Data\Repositories\AuthorRepository.cs:line 25
   at LibraryApp.Api.Controllers.AuthorsController.GetAll(CancellationToken ct) in c:\Users\Thales\Desktop\netcore\LibraryApp\LibraryApp.Api\Controllers\AuthorsController.cs:line 21
   at Microsoft.AspNetCore.Mvc.Infrastructure.ActionMethodExecutor.TaskOfIActionResultExecutor.Execute(ActionContext actionContext, IActionResultTypeMapper mapper, ObjectMethodExecutor executor, Object controller, Object[] arguments)
   at Microsoft.AspNetCore.Mvc.Infrastructure.ControllerActionInvoker.<InvokeActionMethodAsync>g__Awaited|12_0(ControllerActionInvoker invoker, ValueTask`1 actionResultValueTask)
   at Microsoft.AspNetCore.Mvc.Infrastructure.ControllerActionInvoker.<InvokeNextActionFilterAsync>g__Awaited|10_0(ControllerActionInvoker invoker, Task lastTask, State next, Scope scope, Object state, Boolean isCompleted)
   at Microsoft.AspNetCore.Mvc.Infrastructure.ControllerActionInvoker.Rethrow(ActionExecutedContextSealed context)
   at Microsoft.AspNetCore.Mvc.Infrastructure.ControllerActionInvoker.Next(State& next, Scope& scope, Object& state, Boolean& isCompleted)
   at Microsoft.AspNetCore.Mvc.Infrastructure.ControllerActionInvoker.InvokeInnerFilterAsync()
--- End of stack trace from previous location ---
   at Microsoft.AspNetCore.Mvc.Infrastructure.ResourceInvoker.<InvokeFilterPipelineAsync>g__Awaited|20_0(ResourceInvoker invoker, Task lastTask, State next, Scope scope, Object state, Boolean isCompleted)
   at Microsoft.AspNetCore.Mvc.Infrastructure.ResourceInvoker.<InvokeAsync>g__Logged|17_1(ResourceInvoker invoker)
   at Microsoft.AspNetCore.Mvc.Infrastructure.ResourceInvoker.<InvokeAsync>g__Logged|17_1(ResourceInvoker invoker)
   at Swashbuckle.AspNetCore.SwaggerUI.SwaggerUIMiddleware.Invoke(HttpContext httpContext)
   at Swashbuckle.AspNetCore.Swagger.SwaggerMiddleware.Invoke(HttpContext httpContext, ISwaggerProvider swaggerProvider)
   at Serilog.AspNetCore.RequestLoggingMiddleware.Invoke(HttpContext httpContext)
2026-06-03 14:35:23.255 +03:00 [ERR] Unhandled exception on GET /api/Authors
System.InvalidOperationException: The LINQ expression 'DbSet<Author>()
    .OrderBy(a => new AuthorDto(
        a.AuthorId, 
        a.FullName, 
        a.Biography
    ).FullName)' could not be translated. Either rewrite the query in a form that can be translated, or switch to client evaluation explicitly by inserting a call to 'AsEnumerable', 'AsAsyncEnumerable', 'ToList', or 'ToListAsync'. See https://go.microsoft.com/fwlink/?linkid=2101038 for more information.
   at Microsoft.EntityFrameworkCore.Query.QueryableMethodTranslatingExpressionVisitor.Translate(Expression expression)
   at Microsoft.EntityFrameworkCore.Query.RelationalQueryableMethodTranslatingExpressionVisitor.Translate(Expression expression)
   at Microsoft.EntityFrameworkCore.Query.QueryCompilationContext.CreateQueryExecutor[TResult](Expression query)
   at Microsoft.EntityFrameworkCore.Storage.Database.CompileQuery[TResult](Expression query, Boolean async)
   at Microsoft.EntityFrameworkCore.Query.Internal.QueryCompiler.CompileQueryCore[TResult](IDatabase database, Expression query, IModel model, Boolean async)
   at Microsoft.EntityFrameworkCore.Query.Internal.QueryCompiler.<>c__DisplayClass12_0`1.<ExecuteAsync>b__0()
   at Microsoft.EntityFrameworkCore.Query.Internal.CompiledQueryCache.GetOrAddQuery[TResult](Object cacheKey, Func`1 compiler)
   at Microsoft.EntityFrameworkCore.Query.Internal.QueryCompiler.ExecuteAsync[TResult](Expression query, CancellationToken cancellationToken)
   at Microsoft.EntityFrameworkCore.Query.Internal.EntityQueryProvider.ExecuteAsync[TResult](Expression expression, CancellationToken cancellationToken)
   at Microsoft.EntityFrameworkCore.Query.Internal.EntityQueryable`1.GetAsyncEnumerator(CancellationToken cancellationToken)
   at System.Runtime.CompilerServices.ConfiguredCancelableAsyncEnumerable`1.GetAsyncEnumerator()
   at Microsoft.EntityFrameworkCore.EntityFrameworkQueryableExtensions.ToListAsync[TSource](IQueryable`1 source, CancellationToken cancellationToken)
   at LibraryApp.Data.Repositories.AuthorRepository.GetAllAsync(CancellationToken ct) in c:\Users\Thales\Desktop\netcore\LibraryApp\LibraryApp.Data\Repositories\AuthorRepository.cs:line 25
   at LibraryApp.Api.Controllers.AuthorsController.GetAll(CancellationToken ct) in c:\Users\Thales\Desktop\netcore\LibraryApp\LibraryApp.Api\Controllers\AuthorsController.cs:line 21
   at Microsoft.AspNetCore.Mvc.Infrastructure.ActionMethodExecutor.TaskOfIActionResultExecutor.Execute(ActionContext actionContext, IActionResultTypeMapper mapper, ObjectMethodExecutor executor, Object controller, Object[] arguments)
   at Microsoft.AspNetCore.Mvc.Infrastructure.ControllerActionInvoker.<InvokeActionMethodAsync>g__Awaited|12_0(ControllerActionInvoker invoker, ValueTask`1 actionResultValueTask)
   at Microsoft.AspNetCore.Mvc.Infrastructure.ControllerActionInvoker.<InvokeNextActionFilterAsync>g__Awaited|10_0(ControllerActionInvoker invoker, Task lastTask, State next, Scope scope, Object state, Boolean isCompleted)
   at Microsoft.AspNetCore.Mvc.Infrastructure.ControllerActionInvoker.Rethrow(ActionExecutedContextSealed context)
   at Microsoft.AspNetCore.Mvc.Infrastructure.ControllerActionInvoker.Next(State& next, Scope& scope, Object& state, Boolean& isCompleted)
   at Microsoft.AspNetCore.Mvc.Infrastructure.ControllerActionInvoker.InvokeInnerFilterAsync()
--- End of stack trace from previous location ---
   at Microsoft.AspNetCore.Mvc.Infrastructure.ResourceInvoker.<InvokeFilterPipelineAsync>g__Awaited|20_0(ResourceInvoker invoker, Task lastTask, State next, Scope scope, Object state, Boolean isCompleted)
   at Microsoft.AspNetCore.Mvc.Infrastructure.ResourceInvoker.<InvokeAsync>g__Logged|17_1(ResourceInvoker invoker)
   at Microsoft.AspNetCore.Mvc.Infrastructure.ResourceInvoker.<InvokeAsync>g__Logged|17_1(ResourceInvoker invoker)
   at Swashbuckle.AspNetCore.SwaggerUI.SwaggerUIMiddleware.Invoke(HttpContext httpContext)
   at Swashbuckle.AspNetCore.Swagger.SwaggerMiddleware.Invoke(HttpContext httpContext, ISwaggerProvider swaggerProvider)
   at Serilog.AspNetCore.RequestLoggingMiddleware.Invoke(HttpContext httpContext)
   at LibraryApp.Api.Middleware.ExceptionMiddleware.InvokeAsync(HttpContext context) in c:\Users\Thales\Desktop\netcore\LibraryApp\LibraryApp.Api\Middleware\ExceptionMiddleware.cs:line 22
2026-06-03 14:35:23.377 +03:00 [INF] Request finished HTTP/1.1 GET http://localhost:5112/api/Authors - 500 null application/problem+json 1729.448ms
2026-06-03 14:42:49.195 +03:00 [INF] Request starting HTTP/1.1 GET http://localhost:5112/api/Authors - null null
2026-06-03 14:42:49.205 +03:00 [INF] Route matched with {action = "GetAll", controller = "Authors"}. Executing controller action with signature System.Threading.Tasks.Task`1[Microsoft.AspNetCore.Mvc.IActionResult] GetAll(System.Threading.CancellationToken) on controller LibraryApp.Api.Controllers.AuthorsController (LibraryApp.Api).
2026-06-03 14:42:49.244 +03:00 [INF] Executed action LibraryApp.Api.Controllers.AuthorsController.GetAll (LibraryApp.Api) in 39.3846ms
2026-06-03 14:42:49.245 +03:00 [ERR] HTTP GET /api/Authors responded 500 in 42.8239 ms
System.InvalidOperationException: The LINQ expression 'DbSet<Author>()
    .OrderBy(a => new AuthorDto(
        a.AuthorId, 
        a.FullName, 
        a.Biography
    ).FullName)' could not be translated. Either rewrite the query in a form that can be translated, or switch to client evaluation explicitly by inserting a call to 'AsEnumerable', 'AsAsyncEnumerable', 'ToList', or 'ToListAsync'. See https://go.microsoft.com/fwlink/?linkid=2101038 for more information.
   at Microsoft.EntityFrameworkCore.Query.QueryableMethodTranslatingExpressionVisitor.Translate(Expression expression)
   at Microsoft.EntityFrameworkCore.Query.RelationalQueryableMethodTranslatingExpressionVisitor.Translate(Expression expression)
   at Microsoft.EntityFrameworkCore.Query.QueryCompilationContext.CreateQueryExecutor[TResult](Expression query)
   at Microsoft.EntityFrameworkCore.Storage.Database.CompileQuery[TResult](Expression query, Boolean async)
   at Microsoft.EntityFrameworkCore.Query.Internal.QueryCompiler.CompileQueryCore[TResult](IDatabase database, Expression query, IModel model, Boolean async)
   at Microsoft.EntityFrameworkCore.Query.Internal.QueryCompiler.<>c__DisplayClass12_0`1.<ExecuteAsync>b__0()
   at Microsoft.EntityFrameworkCore.Query.Internal.CompiledQueryCache.GetOrAddQuery[TResult](Object cacheKey, Func`1 compiler)
   at Microsoft.EntityFrameworkCore.Query.Internal.QueryCompiler.ExecuteAsync[TResult](Expression query, CancellationToken cancellationToken)
   at Microsoft.EntityFrameworkCore.Query.Internal.EntityQueryProvider.ExecuteAsync[TResult](Expression expression, CancellationToken cancellationToken)
   at Microsoft.EntityFrameworkCore.Query.Internal.EntityQueryable`1.GetAsyncEnumerator(CancellationToken cancellationToken)
   at System.Runtime.CompilerServices.ConfiguredCancelableAsyncEnumerable`1.GetAsyncEnumerator()
   at Microsoft.EntityFrameworkCore.EntityFrameworkQueryableExtensions.ToListAsync[TSource](IQueryable`1 source, CancellationToken cancellationToken)
   at LibraryApp.Data.Repositories.AuthorRepository.GetAllAsync(CancellationToken ct) in c:\Users\Thales\Desktop\netcore\LibraryApp\LibraryApp.Data\Repositories\AuthorRepository.cs:line 25
   at LibraryApp.Api.Controllers.AuthorsController.GetAll(CancellationToken ct) in c:\Users\Thales\Desktop\netcore\LibraryApp\LibraryApp.Api\Controllers\AuthorsController.cs:line 21
   at Microsoft.AspNetCore.Mvc.Infrastructure.ActionMethodExecutor.TaskOfIActionResultExecutor.Execute(ActionContext actionContext, IActionResultTypeMapper mapper, ObjectMethodExecutor executor, Object controller, Object[] arguments)
   at Microsoft.AspNetCore.Mvc.Infrastructure.ControllerActionInvoker.<InvokeActionMethodAsync>g__Awaited|12_0(ControllerActionInvoker invoker, ValueTask`1 actionResultValueTask)
   at Microsoft.AspNetCore.Mvc.Infrastructure.ControllerActionInvoker.<InvokeNextActionFilterAsync>g__Awaited|10_0(ControllerActionInvoker invoker, Task lastTask, State next, Scope scope, Object state, Boolean isCompleted)
   at Microsoft.AspNetCore.Mvc.Infrastructure.ControllerActionInvoker.Rethrow(ActionExecutedContextSealed context)
   at Microsoft.AspNetCore.Mvc.Infrastructure.ControllerActionInvoker.Next(State& next, Scope& scope, Object& state, Boolean& isCompleted)
   at Microsoft.AspNetCore.Mvc.Infrastructure.ControllerActionInvoker.InvokeInnerFilterAsync()
--- End of stack trace from previous location ---
   at Microsoft.AspNetCore.Mvc.Infrastructure.ResourceInvoker.<InvokeFilterPipelineAsync>g__Awaited|20_0(ResourceInvoker invoker, Task lastTask, State next, Scope scope, Object state, Boolean isCompleted)
   at Microsoft.AspNetCore.Mvc.Infrastructure.ResourceInvoker.<InvokeAsync>g__Logged|17_1(ResourceInvoker invoker)
   at Microsoft.AspNetCore.Mvc.Infrastructure.ResourceInvoker.<InvokeAsync>g__Logged|17_1(ResourceInvoker invoker)
   at Swashbuckle.AspNetCore.SwaggerUI.SwaggerUIMiddleware.Invoke(HttpContext httpContext)
   at Swashbuckle.AspNetCore.Swagger.SwaggerMiddleware.Invoke(HttpContext httpContext, ISwaggerProvider swaggerProvider)
   at Serilog.AspNetCore.RequestLoggingMiddleware.Invoke(HttpContext httpContext)
2026-06-03 14:42:49.251 +03:00 [ERR] Unhandled exception on GET /api/Authors
System.InvalidOperationException: The LINQ expression 'DbSet<Author>()
    .OrderBy(a => new AuthorDto(
        a.AuthorId, 
        a.FullName, 
        a.Biography
    ).FullName)' could not be translated. Either rewrite the query in a form that can be translated, or switch to client evaluation explicitly by inserting a call to 'AsEnumerable', 'AsAsyncEnumerable', 'ToList', or 'ToListAsync'. See https://go.microsoft.com/fwlink/?linkid=2101038 for more information.
   at Microsoft.EntityFrameworkCore.Query.QueryableMethodTranslatingExpressionVisitor.Translate(Expression expression)
   at Microsoft.EntityFrameworkCore.Query.RelationalQueryableMethodTranslatingExpressionVisitor.Translate(Expression expression)
   at Microsoft.EntityFrameworkCore.Query.QueryCompilationContext.CreateQueryExecutor[TResult](Expression query)
   at Microsoft.EntityFrameworkCore.Storage.Database.CompileQuery[TResult](Expression query, Boolean async)
   at Microsoft.EntityFrameworkCore.Query.Internal.QueryCompiler.CompileQueryCore[TResult](IDatabase database, Expression query, IModel model, Boolean async)
   at Microsoft.EntityFrameworkCore.Query.Internal.QueryCompiler.<>c__DisplayClass12_0`1.<ExecuteAsync>b__0()
   at Microsoft.EntityFrameworkCore.Query.Internal.CompiledQueryCache.GetOrAddQuery[TResult](Object cacheKey, Func`1 compiler)
   at Microsoft.EntityFrameworkCore.Query.Internal.QueryCompiler.ExecuteAsync[TResult](Expression query, CancellationToken cancellationToken)
   at Microsoft.EntityFrameworkCore.Query.Internal.EntityQueryProvider.ExecuteAsync[TResult](Expression expression, CancellationToken cancellationToken)
   at Microsoft.EntityFrameworkCore.Query.Internal.EntityQueryable`1.GetAsyncEnumerator(CancellationToken cancellationToken)
   at System.Runtime.CompilerServices.ConfiguredCancelableAsyncEnumerable`1.GetAsyncEnumerator()
   at Microsoft.EntityFrameworkCore.EntityFrameworkQueryableExtensions.ToListAsync[TSource](IQueryable`1 source, CancellationToken cancellationToken)
   at LibraryApp.Data.Repositories.AuthorRepository.GetAllAsync(CancellationToken ct) in c:\Users\Thales\Desktop\netcore\LibraryApp\LibraryApp.Data\Repositories\AuthorRepository.cs:line 25
   at LibraryApp.Api.Controllers.AuthorsController.GetAll(CancellationToken ct) in c:\Users\Thales\Desktop\netcore\LibraryApp\LibraryApp.Api\Controllers\AuthorsController.cs:line 21
   at Microsoft.AspNetCore.Mvc.Infrastructure.ActionMethodExecutor.TaskOfIActionResultExecutor.Execute(ActionContext actionContext, IActionResultTypeMapper mapper, ObjectMethodExecutor executor, Object controller, Object[] arguments)
   at Microsoft.AspNetCore.Mvc.Infrastructure.ControllerActionInvoker.<InvokeActionMethodAsync>g__Awaited|12_0(ControllerActionInvoker invoker, ValueTask`1 actionResultValueTask)
   at Microsoft.AspNetCore.Mvc.Infrastructure.ControllerActionInvoker.<InvokeNextActionFilterAsync>g__Awaited|10_0(ControllerActionInvoker invoker, Task lastTask, State next, Scope scope, Object state, Boolean isCompleted)
   at Microsoft.AspNetCore.Mvc.Infrastructure.ControllerActionInvoker.Rethrow(ActionExecutedContextSealed context)
   at Microsoft.AspNetCore.Mvc.Infrastructure.ControllerActionInvoker.Next(State& next, Scope& scope, Object& state, Boolean& isCompleted)
   at Microsoft.AspNetCore.Mvc.Infrastructure.ControllerActionInvoker.InvokeInnerFilterAsync()
--- End of stack trace from previous location ---
   at Microsoft.AspNetCore.Mvc.Infrastructure.ResourceInvoker.<InvokeFilterPipelineAsync>g__Awaited|20_0(ResourceInvoker invoker, Task lastTask, State next, Scope scope, Object state, Boolean isCompleted)
   at Microsoft.AspNetCore.Mvc.Infrastructure.ResourceInvoker.<InvokeAsync>g__Logged|17_1(ResourceInvoker invoker)
   at Microsoft.AspNetCore.Mvc.Infrastructure.ResourceInvoker.<InvokeAsync>g__Logged|17_1(ResourceInvoker invoker)
   at Swashbuckle.AspNetCore.SwaggerUI.SwaggerUIMiddleware.Invoke(HttpContext httpContext)
   at Swashbuckle.AspNetCore.Swagger.SwaggerMiddleware.Invoke(HttpContext httpContext, ISwaggerProvider swaggerProvider)
   at Serilog.AspNetCore.RequestLoggingMiddleware.Invoke(HttpContext httpContext)
   at LibraryApp.Api.Middleware.ExceptionMiddleware.InvokeAsync(HttpContext context) in c:\Users\Thales\Desktop\netcore\LibraryApp\LibraryApp.Api\Middleware\ExceptionMiddleware.cs:line 22
2026-06-03 14:42:49.263 +03:00 [INF] Request finished HTTP/1.1 GET http://localhost:5112/api/Authors - 500 null application/problem+json 69.8925ms
2026-06-03 14:42:50.469 +03:00 [INF] Request starting HTTP/1.1 GET http://localhost:5112/api/Authors - null null
2026-06-03 14:42:50.472 +03:00 [INF] Route matched with {action = "GetAll", controller = "Authors"}. Executing controller action with signature System.Threading.Tasks.Task`1[Microsoft.AspNetCore.Mvc.IActionResult] GetAll(System.Threading.CancellationToken) on controller LibraryApp.Api.Controllers.AuthorsController (LibraryApp.Api).
2026-06-03 14:42:50.551 +03:00 [INF] Executed action LibraryApp.Api.Controllers.AuthorsController.GetAll (LibraryApp.Api) in 78.9288ms
2026-06-03 14:42:50.551 +03:00 [ERR] HTTP GET /api/Authors responded 500 in 80.6282 ms
System.InvalidOperationException: The LINQ expression 'DbSet<Author>()
    .OrderBy(a => new AuthorDto(
        a.AuthorId, 
        a.FullName, 
        a.Biography
    ).FullName)' could not be translated. Either rewrite the query in a form that can be translated, or switch to client evaluation explicitly by inserting a call to 'AsEnumerable', 'AsAsyncEnumerable', 'ToList', or 'ToListAsync'. See https://go.microsoft.com/fwlink/?linkid=2101038 for more information.
   at Microsoft.EntityFrameworkCore.Query.QueryableMethodTranslatingExpressionVisitor.Translate(Expression expression)
   at Microsoft.EntityFrameworkCore.Query.RelationalQueryableMethodTranslatingExpressionVisitor.Translate(Expression expression)
   at Microsoft.EntityFrameworkCore.Query.QueryCompilationContext.CreateQueryExecutor[TResult](Expression query)
   at Microsoft.EntityFrameworkCore.Storage.Database.CompileQuery[TResult](Expression query, Boolean async)
   at Microsoft.EntityFrameworkCore.Query.Internal.QueryCompiler.CompileQueryCore[TResult](IDatabase database, Expression query, IModel model, Boolean async)
   at Microsoft.EntityFrameworkCore.Query.Internal.QueryCompiler.<>c__DisplayClass12_0`1.<ExecuteAsync>b__0()
   at Microsoft.EntityFrameworkCore.Query.Internal.CompiledQueryCache.GetOrAddQuery[TResult](Object cacheKey, Func`1 compiler)
   at Microsoft.EntityFrameworkCore.Query.Internal.QueryCompiler.ExecuteAsync[TResult](Expression query, CancellationToken cancellationToken)
   at Microsoft.EntityFrameworkCore.Query.Internal.EntityQueryProvider.ExecuteAsync[TResult](Expression expression, CancellationToken cancellationToken)
   at Microsoft.EntityFrameworkCore.Query.Internal.EntityQueryable`1.GetAsyncEnumerator(CancellationToken cancellationToken)
   at System.Runtime.CompilerServices.ConfiguredCancelableAsyncEnumerable`1.GetAsyncEnumerator()
   at Microsoft.EntityFrameworkCore.EntityFrameworkQueryableExtensions.ToListAsync[TSource](IQueryable`1 source, CancellationToken cancellationToken)
   at LibraryApp.Data.Repositories.AuthorRepository.GetAllAsync(CancellationToken ct) in c:\Users\Thales\Desktop\netcore\LibraryApp\LibraryApp.Data\Repositories\AuthorRepository.cs:line 25
   at LibraryApp.Api.Controllers.AuthorsController.GetAll(CancellationToken ct) in c:\Users\Thales\Desktop\netcore\LibraryApp\LibraryApp.Api\Controllers\AuthorsController.cs:line 21
   at Microsoft.AspNetCore.Mvc.Infrastructure.ActionMethodExecutor.TaskOfIActionResultExecutor.Execute(ActionContext actionContext, IActionResultTypeMapper mapper, ObjectMethodExecutor executor, Object controller, Object[] arguments)
   at Microsoft.AspNetCore.Mvc.Infrastructure.ControllerActionInvoker.<InvokeActionMethodAsync>g__Awaited|12_0(ControllerActionInvoker invoker, ValueTask`1 actionResultValueTask)
   at Microsoft.AspNetCore.Mvc.Infrastructure.ControllerActionInvoker.<InvokeNextActionFilterAsync>g__Awaited|10_0(ControllerActionInvoker invoker, Task lastTask, State next, Scope scope, Object state, Boolean isCompleted)
   at Microsoft.AspNetCore.Mvc.Infrastructure.ControllerActionInvoker.Rethrow(ActionExecutedContextSealed context)
   at Microsoft.AspNetCore.Mvc.Infrastructure.ControllerActionInvoker.Next(State& next, Scope& scope, Object& state, Boolean& isCompleted)
   at Microsoft.AspNetCore.Mvc.Infrastructure.ControllerActionInvoker.InvokeInnerFilterAsync()
--- End of stack trace from previous location ---
   at Microsoft.AspNetCore.Mvc.Infrastructure.ResourceInvoker.<InvokeFilterPipelineAsync>g__Awaited|20_0(ResourceInvoker invoker, Task lastTask, State next, Scope scope, Object state, Boolean isCompleted)
   at Microsoft.AspNetCore.Mvc.Infrastructure.ResourceInvoker.<InvokeAsync>g__Logged|17_1(ResourceInvoker invoker)
   at Microsoft.AspNetCore.Mvc.Infrastructure.ResourceInvoker.<InvokeAsync>g__Logged|17_1(ResourceInvoker invoker)
   at Swashbuckle.AspNetCore.SwaggerUI.SwaggerUIMiddleware.Invoke(HttpContext httpContext)
   at Swashbuckle.AspNetCore.Swagger.SwaggerMiddleware.Invoke(HttpContext httpContext, ISwaggerProvider swaggerProvider)
   at Serilog.AspNetCore.RequestLoggingMiddleware.Invoke(HttpContext httpContext)
2026-06-03 14:42:50.553 +03:00 [ERR] Unhandled exception on GET /api/Authors
System.InvalidOperationException: The LINQ expression 'DbSet<Author>()
    .OrderBy(a => new AuthorDto(
        a.AuthorId, 
        a.FullName, 
        a.Biography
    ).FullName)' could not be translated. Either rewrite the query in a form that can be translated, or switch to client evaluation explicitly by inserting a call to 'AsEnumerable', 'AsAsyncEnumerable', 'ToList', or 'ToListAsync'. See https://go.microsoft.com/fwlink/?linkid=2101038 for more information.
   at Microsoft.EntityFrameworkCore.Query.QueryableMethodTranslatingExpressionVisitor.Translate(Expression expression)
   at Microsoft.EntityFrameworkCore.Query.RelationalQueryableMethodTranslatingExpressionVisitor.Translate(Expression expression)
   at Microsoft.EntityFrameworkCore.Query.QueryCompilationContext.CreateQueryExecutor[TResult](Expression query)
   at Microsoft.EntityFrameworkCore.Storage.Database.CompileQuery[TResult](Expression query, Boolean async)
   at Microsoft.EntityFrameworkCore.Query.Internal.QueryCompiler.CompileQueryCore[TResult](IDatabase database, Expression query, IModel model, Boolean async)
   at Microsoft.EntityFrameworkCore.Query.Internal.QueryCompiler.<>c__DisplayClass12_0`1.<ExecuteAsync>b__0()
   at Microsoft.EntityFrameworkCore.Query.Internal.CompiledQueryCache.GetOrAddQuery[TResult](Object cacheKey, Func`1 compiler)
   at Microsoft.EntityFrameworkCore.Query.Internal.QueryCompiler.ExecuteAsync[TResult](Expression query, CancellationToken cancellationToken)
   at Microsoft.EntityFrameworkCore.Query.Internal.EntityQueryProvider.ExecuteAsync[TResult](Expression expression, CancellationToken cancellationToken)
   at Microsoft.EntityFrameworkCore.Query.Internal.EntityQueryable`1.GetAsyncEnumerator(CancellationToken cancellationToken)
   at System.Runtime.CompilerServices.ConfiguredCancelableAsyncEnumerable`1.GetAsyncEnumerator()
   at Microsoft.EntityFrameworkCore.EntityFrameworkQueryableExtensions.ToListAsync[TSource](IQueryable`1 source, CancellationToken cancellationToken)
   at LibraryApp.Data.Repositories.AuthorRepository.GetAllAsync(CancellationToken ct) in c:\Users\Thales\Desktop\netcore\LibraryApp\LibraryApp.Data\Repositories\AuthorRepository.cs:line 25
   at LibraryApp.Api.Controllers.AuthorsController.GetAll(CancellationToken ct) in c:\Users\Thales\Desktop\netcore\LibraryApp\LibraryApp.Api\Controllers\AuthorsController.cs:line 21
   at Microsoft.AspNetCore.Mvc.Infrastructure.ActionMethodExecutor.TaskOfIActionResultExecutor.Execute(ActionContext actionContext, IActionResultTypeMapper mapper, ObjectMethodExecutor executor, Object controller, Object[] arguments)
   at Microsoft.AspNetCore.Mvc.Infrastructure.ControllerActionInvoker.<InvokeActionMethodAsync>g__Awaited|12_0(ControllerActionInvoker invoker, ValueTask`1 actionResultValueTask)
   at Microsoft.AspNetCore.Mvc.Infrastructure.ControllerActionInvoker.<InvokeNextActionFilterAsync>g__Awaited|10_0(ControllerActionInvoker invoker, Task lastTask, State next, Scope scope, Object state, Boolean isCompleted)
   at Microsoft.AspNetCore.Mvc.Infrastructure.ControllerActionInvoker.Rethrow(ActionExecutedContextSealed context)
   at Microsoft.AspNetCore.Mvc.Infrastructure.ControllerActionInvoker.Next(State& next, Scope& scope, Object& state, Boolean& isCompleted)
   at Microsoft.AspNetCore.Mvc.Infrastructure.ControllerActionInvoker.InvokeInnerFilterAsync()
--- End of stack trace from previous location ---
   at Microsoft.AspNetCore.Mvc.Infrastructure.ResourceInvoker.<InvokeFilterPipelineAsync>g__Awaited|20_0(ResourceInvoker invoker, Task lastTask, State next, Scope scope, Object state, Boolean isCompleted)
   at Microsoft.AspNetCore.Mvc.Infrastructure.ResourceInvoker.<InvokeAsync>g__Logged|17_1(ResourceInvoker invoker)
   at Microsoft.AspNetCore.Mvc.Infrastructure.ResourceInvoker.<InvokeAsync>g__Logged|17_1(ResourceInvoker invoker)
   at Swashbuckle.AspNetCore.SwaggerUI.SwaggerUIMiddleware.Invoke(HttpContext httpContext)
   at Swashbuckle.AspNetCore.Swagger.SwaggerMiddleware.Invoke(HttpContext httpContext, ISwaggerProvider swaggerProvider)
   at Serilog.AspNetCore.RequestLoggingMiddleware.Invoke(HttpContext httpContext)
   at LibraryApp.Api.Middleware.ExceptionMiddleware.InvokeAsync(HttpContext context) in c:\Users\Thales\Desktop\netcore\LibraryApp\LibraryApp.Api\Middleware\ExceptionMiddleware.cs:line 22
2026-06-03 14:42:50.556 +03:00 [INF] Request finished HTTP/1.1 GET http://localhost:5112/api/Authors - 500 null application/problem+json 86.3067ms
2026-06-03 14:43:03.621 +03:00 [INF] Now listening on: http://localhost:5112
2026-06-03 14:43:03.676 +03:00 [INF] Application started. Press Ctrl+C to shut down.
2026-06-03 14:43:03.678 +03:00 [INF] Hosting environment: Development
2026-06-03 14:43:03.678 +03:00 [INF] Content root path: c:\Users\Thales\Desktop\netcore\LibraryApp\LibraryApp.Api
2026-06-03 14:43:03.834 +03:00 [INF] Request starting HTTP/1.1 GET http://localhost:5112/api/Authors - null null
2026-06-03 14:43:03.929 +03:00 [INF] Route matched with {action = "GetAll", controller = "Authors"}. Executing controller action with signature System.Threading.Tasks.Task`1[Microsoft.AspNetCore.Mvc.IActionResult] GetAll(System.Threading.CancellationToken) on controller LibraryApp.Api.Controllers.AuthorsController (LibraryApp.Api).
2026-06-03 14:43:07.184 +03:00 [INF] Executing OkObjectResult, writing value of type 'System.Collections.Generic.List`1[[LibraryApp.Core.DTOs.AuthorDto, LibraryApp.Core, Version=1.0.0.0, Culture=neutral, PublicKeyToken=null]]'.
2026-06-03 14:43:07.297 +03:00 [INF] Executed action LibraryApp.Api.Controllers.AuthorsController.GetAll (LibraryApp.Api) in 3361.7488ms
2026-06-03 14:43:07.307 +03:00 [INF] HTTP GET /api/Authors responded 200 in 3439.9989 ms
2026-06-03 14:43:07.322 +03:00 [INF] Request finished HTTP/1.1 GET http://localhost:5112/api/Authors - 200 null application/json; charset=utf-8 3489.4357ms
