2026-06-04 10:43:30.430 +03:00 [INF] Now listening on: http://localhost:5112
2026-06-04 10:43:30.472 +03:00 [INF] Application started. Press Ctrl+C to shut down.
2026-06-04 10:43:30.472 +03:00 [INF] Hosting environment: Development
2026-06-04 10:43:30.472 +03:00 [INF] Content root path: c:\Users\Thales\Desktop\netcore\LibraryApp\LibraryApp.Api
2026-06-04 10:43:43.468 +03:00 [INF] Request starting HTTP/1.1 GET http://localhost:5112/ - null null
2026-06-04 10:43:43.573 +03:00 [INF] HTTP GET / responded 301 in 68.0159 ms
2026-06-04 10:43:43.583 +03:00 [INF] Request finished HTTP/1.1 GET http://localhost:5112/ - 301 0 null 116.715ms
2026-06-04 10:43:43.592 +03:00 [INF] Request starting HTTP/1.1 GET http://localhost:5112/index.html - null null
2026-06-04 10:43:43.709 +03:00 [INF] HTTP GET /index.html responded 200 in 116.1486 ms
2026-06-04 10:43:43.710 +03:00 [INF] Request finished HTTP/1.1 GET http://localhost:5112/index.html - 200 null text/html;charset=utf-8 118.3515ms
2026-06-04 10:43:43.807 +03:00 [INF] Request starting HTTP/1.1 GET http://localhost:5112/swagger-ui.css - null null
2026-06-04 10:43:43.808 +03:00 [INF] Request starting HTTP/1.1 GET http://localhost:5112/swagger-ui-bundle.js - null null
2026-06-04 10:43:43.810 +03:00 [INF] Request starting HTTP/1.1 GET http://localhost:5112/swagger-ui-standalone-preset.js - null null
2026-06-04 10:43:43.863 +03:00 [INF] Sending file. Request path: '/swagger-ui.css'. Physical path: 'N/A'
2026-06-04 10:43:43.863 +03:00 [INF] Sending file. Request path: '/swagger-ui-standalone-preset.js'. Physical path: 'N/A'
2026-06-04 10:43:43.865 +03:00 [INF] HTTP GET /swagger-ui-standalone-preset.js responded 200 in 54.2304 ms
2026-06-04 10:43:43.865 +03:00 [INF] HTTP GET /swagger-ui.css responded 200 in 56.1348 ms
2026-06-04 10:43:43.865 +03:00 [INF] Request starting HTTP/1.1 GET http://localhost:5112/swagger-ui-standalone-preset.js - null null
2026-06-04 10:43:43.867 +03:00 [INF] Request finished HTTP/1.1 GET http://localhost:5112/swagger-ui-standalone-preset.js - 200 230280 text/javascript 56.9192ms
2026-06-04 10:43:43.867 +03:00 [INF] Request finished HTTP/1.1 GET http://localhost:5112/swagger-ui.css - 200 152034 text/css 60.7845ms
2026-06-04 10:43:43.874 +03:00 [INF] Sending file. Request path: '/swagger-ui-standalone-preset.js'. Physical path: 'N/A'
2026-06-04 10:43:43.876 +03:00 [INF] HTTP GET /swagger-ui-standalone-preset.js responded 200 in 9.3935 ms
2026-06-04 10:43:43.876 +03:00 [INF] Request finished HTTP/1.1 GET http://localhost:5112/swagger-ui-standalone-preset.js - 200 230280 text/javascript 11.0281ms
2026-06-04 10:43:43.909 +03:00 [INF] Sending file. Request path: '/swagger-ui-bundle.js'. Physical path: 'N/A'
2026-06-04 10:43:43.910 +03:00 [INF] HTTP GET /swagger-ui-bundle.js responded 200 in 101.0436 ms
2026-06-04 10:43:43.910 +03:00 [INF] Request finished HTTP/1.1 GET http://localhost:5112/swagger-ui-bundle.js - 200 1456926 text/javascript 102.3657ms
2026-06-04 10:43:44.346 +03:00 [INF] Request starting HTTP/1.1 GET http://localhost:5112/swagger/v1/swagger.json - null null
2026-06-04 10:43:44.384 +03:00 [INF] Request starting HTTP/1.1 GET http://localhost:5112/favicon-32x32.png - null null
2026-06-04 10:43:44.392 +03:00 [INF] Sending file. Request path: '/favicon-32x32.png'. Physical path: 'N/A'
2026-06-04 10:43:44.396 +03:00 [INF] HTTP GET /favicon-32x32.png responded 200 in 5.7277 ms
2026-06-04 10:43:44.397 +03:00 [INF] Request finished HTTP/1.1 GET http://localhost:5112/favicon-32x32.png - 200 628 image/png 13.0306ms
2026-06-04 10:43:44.450 +03:00 [INF] Request starting HTTP/1.1 GET http://localhost:5112/swagger-ui-bundle.js - null null
2026-06-04 10:43:44.462 +03:00 [INF] Sending file. Request path: '/swagger-ui-bundle.js'. Physical path: 'N/A'
2026-06-04 10:43:44.463 +03:00 [INF] HTTP GET /swagger-ui-bundle.js responded 200 in 11.8426 ms
2026-06-04 10:43:44.463 +03:00 [INF] Request finished HTTP/1.1 GET http://localhost:5112/swagger-ui-bundle.js - 200 1456926 text/javascript 12.9421ms
2026-06-04 10:43:44.663 +03:00 [INF] HTTP GET /swagger/v1/swagger.json responded 200 in 316.3172 ms
2026-06-04 10:43:44.663 +03:00 [INF] Request finished HTTP/1.1 GET http://localhost:5112/swagger/v1/swagger.json - 200 null application/json;charset=utf-8 317.3399ms
2026-06-04 10:43:53.249 +03:00 [INF] Request starting HTTP/1.1 PUT http://localhost:5112/api/Authors/1 - application/json 51
2026-06-04 10:43:53.261 +03:00 [INF] CORS policy execution failed.
2026-06-04 10:43:53.261 +03:00 [INF] Request origin http://localhost:5112 does not have permission to access the resource.
2026-06-04 10:43:53.299 +03:00 [INF] Route matched with {action = "Update", controller = "Authors"}. Executing controller action with signature System.Threading.Tasks.Task`1[Microsoft.AspNetCore.Mvc.IActionResult] Update(Int32, LibraryApp.Core.DTOs.UpdateAuthorCommand, System.Threading.CancellationToken) on controller LibraryApp.Api.Controllers.AuthorsController (LibraryApp.Api).
2026-06-04 10:43:57.263 +03:00 [INF] Executed action LibraryApp.Api.Controllers.AuthorsController.Update (LibraryApp.Api) in 3961.8108ms
2026-06-04 10:43:57.264 +03:00 [ERR] HTTP PUT /api/Authors/1 responded 500 in 4008.0743 ms
ConflictException: FullName 'string' is already used by Author ID 4.
   at LibraryApp.Data.Services.AuthorService.UpdateAsync(Int32 authorId, UpdateAuthorCommand cmd, CancellationToken ct) in c:\Users\Thales\Desktop\netcore\LibraryApp\LibraryApp.Data\Services\AuthorService.cs:line 79
   at LibraryApp.Api.Controllers.AuthorsController.Update(Int32 id, UpdateAuthorCommand command, CancellationToken ct) in c:\Users\Thales\Desktop\netcore\LibraryApp\LibraryApp.Api\Controllers\AuthorsController.cs:line 66
   at Microsoft.AspNetCore.Mvc.Infrastructure.ActionMethodExecutor.TaskOfIActionResultExecutor.Execute(ActionContext actionContext, IActionResultTypeMapper mapper, ObjectMethodExecutor executor, Object controller, Object[] arguments)
   at Microsoft.AspNetCore.Mvc.Infrastructure.ControllerActionInvoker.<InvokeActionMethodAsync>g__Awaited|12_0(ControllerActionInvoker invoker, ValueTask`1 actionResultValueTask)
   at Microsoft.AspNetCore.Mvc.Infrastructure.ControllerActionInvoker.<InvokeNextActionFilterAsync>g__Awaited|10_0(ControllerActionInvoker invoker, Task lastTask, State next, Scope scope, Object state, Boolean isCompleted)
   at Microsoft.AspNetCore.Mvc.Infrastructure.ControllerActionInvoker.Rethrow(ActionExecutedContextSealed context)
   at Microsoft.AspNetCore.Mvc.Infrastructure.ControllerActionInvoker.Next(State& next, Scope& scope, Object& state, Boolean& isCompleted)
   at Microsoft.AspNetCore.Mvc.Infrastructure.ControllerActionInvoker.<InvokeInnerFilterAsync>g__Awaited|13_0(ControllerActionInvoker invoker, Task lastTask, State next, Scope scope, Object state, Boolean isCompleted)
   at Microsoft.AspNetCore.Mvc.Infrastructure.ResourceInvoker.<InvokeFilterPipelineAsync>g__Awaited|20_0(ResourceInvoker invoker, Task lastTask, State next, Scope scope, Object state, Boolean isCompleted)
   at Microsoft.AspNetCore.Mvc.Infrastructure.ResourceInvoker.<InvokeAsync>g__Logged|17_1(ResourceInvoker invoker)
   at Microsoft.AspNetCore.Mvc.Infrastructure.ResourceInvoker.<InvokeAsync>g__Logged|17_1(ResourceInvoker invoker)
   at Swashbuckle.AspNetCore.SwaggerUI.SwaggerUIMiddleware.Invoke(HttpContext httpContext)
   at Swashbuckle.AspNetCore.Swagger.SwaggerMiddleware.Invoke(HttpContext httpContext, ISwaggerProvider swaggerProvider)
   at Serilog.AspNetCore.RequestLoggingMiddleware.Invoke(HttpContext httpContext)
2026-06-04 10:43:57.317 +03:00 [INF] Request finished HTTP/1.1 PUT http://localhost:5112/api/Authors/1 - 409 null application/problem+json 4067.0878ms
2026-06-04 10:44:05.135 +03:00 [INF] Request starting HTTP/1.1 PUT http://localhost:5112/api/Authors/1 - application/json 49
2026-06-04 10:44:05.138 +03:00 [INF] CORS policy execution failed.
2026-06-04 10:44:05.138 +03:00 [INF] Request origin http://localhost:5112 does not have permission to access the resource.
2026-06-04 10:44:05.138 +03:00 [INF] Route matched with {action = "Update", controller = "Authors"}. Executing controller action with signature System.Threading.Tasks.Task`1[Microsoft.AspNetCore.Mvc.IActionResult] Update(Int32, LibraryApp.Core.DTOs.UpdateAuthorCommand, System.Threading.CancellationToken) on controller LibraryApp.Api.Controllers.AuthorsController (LibraryApp.Api).
2026-06-04 10:44:05.203 +03:00 [ERR] SQL error while updating author with AuthorId=1: Invalid column name 'UpdatedAt'.
Microsoft.Data.SqlClient.SqlException (0x80131904): Invalid column name 'UpdatedAt'.
   at Microsoft.Data.SqlClient.SqlConnection.OnError(SqlException exception, Boolean breakConnection, Action`1 wrapCloseInAction)
   at Microsoft.Data.SqlClient.SqlInternalConnection.OnError(SqlException exception, Boolean breakConnection, Action`1 wrapCloseInAction)
   at Microsoft.Data.SqlClient.TdsParser.ThrowExceptionAndWarning(TdsParserStateObject stateObj, Boolean callerHasConnectionLock, Boolean asyncClose)
   at Microsoft.Data.SqlClient.TdsParser.TryRun(RunBehavior runBehavior, SqlCommand cmdHandler, SqlDataReader dataStream, BulkCopySimpleResultSet bulkCopyHandler, TdsParserStateObject stateObj, Boolean& dataReady)
   at Microsoft.Data.SqlClient.SqlCommand.FinishExecuteReader(SqlDataReader ds, RunBehavior runBehavior, String resetOptionsString, Boolean isInternal, Boolean forDescribeParameterEncryption, Boolean shouldCacheForAlwaysEncrypted)
   at Microsoft.Data.SqlClient.SqlCommand.CompleteAsyncExecuteReader(Boolean isInternal, Boolean forDescribeParameterEncryption)
   at Microsoft.Data.SqlClient.SqlCommand.InternalEndExecuteNonQuery(IAsyncResult asyncResult, Boolean isInternal, String endMethod)
   at Microsoft.Data.SqlClient.SqlCommand.EndExecuteNonQueryInternal(IAsyncResult asyncResult)
   at Microsoft.Data.SqlClient.SqlCommand.EndExecuteNonQueryAsync(IAsyncResult asyncResult)
   at Microsoft.Data.SqlClient.SqlCommand.<>c.<InternalExecuteNonQueryAsync>b__210_1(IAsyncResult result)
   at System.Threading.Tasks.TaskFactory`1.FromAsyncCoreLogic(IAsyncResult iar, Func`2 endFunction, Action`1 endAction, Task`1 promise, Boolean requiresSynchronization)
--- End of stack trace from previous location ---
   at LibraryApp.Data.Repositories.AuthorRepository.UpdateAsync(Int32 authorId, UpdateAuthorCommand cmd, CancellationToken ct) in c:\Users\Thales\Desktop\netcore\LibraryApp\LibraryApp.Data\Repositories\AuthorRepository.cs:line 171
ClientConnectionId:6d3fc259-dcf6-42c0-9be3-0446ced22f95
Error Number:207,State:1,Class:16
2026-06-04 10:44:05.252 +03:00 [INF] Author updated: AuthorId=1, FullName=aaaa
2026-06-04 10:44:05.270 +03:00 [INF] Executing OkObjectResult, writing value of type 'LibraryApp.Core.DTOs.AuthorDto'.
2026-06-04 10:44:05.278 +03:00 [INF] Executed action LibraryApp.Api.Controllers.AuthorsController.Update (LibraryApp.Api) in 139.5331ms
2026-06-04 10:44:05.279 +03:00 [INF] HTTP PUT /api/Authors/1 responded 200 in 141.7562 ms
2026-06-04 10:44:05.282 +03:00 [INF] Request finished HTTP/1.1 PUT http://localhost:5112/api/Authors/1 - 200 null application/json; charset=utf-8 146.2905ms
2026-06-04 10:44:10.520 +03:00 [INF] Request starting HTTP/1.1 PUT http://localhost:5112/api/Authors/1 - application/json 49
2026-06-04 10:44:10.520 +03:00 [INF] CORS policy execution failed.
2026-06-04 10:44:10.520 +03:00 [INF] Request origin http://localhost:5112 does not have permission to access the resource.
2026-06-04 10:44:10.521 +03:00 [INF] Route matched with {action = "Update", controller = "Authors"}. Executing controller action with signature System.Threading.Tasks.Task`1[Microsoft.AspNetCore.Mvc.IActionResult] Update(Int32, LibraryApp.Core.DTOs.UpdateAuthorCommand, System.Threading.CancellationToken) on controller LibraryApp.Api.Controllers.AuthorsController (LibraryApp.Api).
2026-06-04 10:44:10.615 +03:00 [ERR] SQL error while updating author with AuthorId=1: Invalid column name 'UpdatedAt'.
Microsoft.Data.SqlClient.SqlException (0x80131904): Invalid column name 'UpdatedAt'.
   at Microsoft.Data.SqlClient.SqlConnection.OnError(SqlException exception, Boolean breakConnection, Action`1 wrapCloseInAction)
   at Microsoft.Data.SqlClient.SqlInternalConnection.OnError(SqlException exception, Boolean breakConnection, Action`1 wrapCloseInAction)
   at Microsoft.Data.SqlClient.TdsParser.ThrowExceptionAndWarning(TdsParserStateObject stateObj, Boolean callerHasConnectionLock, Boolean asyncClose)
   at Microsoft.Data.SqlClient.TdsParser.TryRun(RunBehavior runBehavior, SqlCommand cmdHandler, SqlDataReader dataStream, BulkCopySimpleResultSet bulkCopyHandler, TdsParserStateObject stateObj, Boolean& dataReady)
   at Microsoft.Data.SqlClient.SqlCommand.FinishExecuteReader(SqlDataReader ds, RunBehavior runBehavior, String resetOptionsString, Boolean isInternal, Boolean forDescribeParameterEncryption, Boolean shouldCacheForAlwaysEncrypted)
   at Microsoft.Data.SqlClient.SqlCommand.CompleteAsyncExecuteReader(Boolean isInternal, Boolean forDescribeParameterEncryption)
   at Microsoft.Data.SqlClient.SqlCommand.InternalEndExecuteNonQuery(IAsyncResult asyncResult, Boolean isInternal, String endMethod)
   at Microsoft.Data.SqlClient.SqlCommand.EndExecuteNonQueryInternal(IAsyncResult asyncResult)
   at Microsoft.Data.SqlClient.SqlCommand.EndExecuteNonQueryAsync(IAsyncResult asyncResult)
   at Microsoft.Data.SqlClient.SqlCommand.<>c.<InternalExecuteNonQueryAsync>b__210_1(IAsyncResult result)
   at System.Threading.Tasks.TaskFactory`1.FromAsyncCoreLogic(IAsyncResult iar, Func`2 endFunction, Action`1 endAction, Task`1 promise, Boolean requiresSynchronization)
--- End of stack trace from previous location ---
   at LibraryApp.Data.Repositories.AuthorRepository.UpdateAsync(Int32 authorId, UpdateAuthorCommand cmd, CancellationToken ct) in c:\Users\Thales\Desktop\netcore\LibraryApp\LibraryApp.Data\Repositories\AuthorRepository.cs:line 171
ClientConnectionId:6d3fc259-dcf6-42c0-9be3-0446ced22f95
Error Number:207,State:1,Class:16
2026-06-04 10:44:10.617 +03:00 [INF] Author updated: AuthorId=1, FullName=aaaa
2026-06-04 10:44:10.620 +03:00 [INF] Executing OkObjectResult, writing value of type 'LibraryApp.Core.DTOs.AuthorDto'.
2026-06-04 10:44:10.621 +03:00 [INF] Executed action LibraryApp.Api.Controllers.AuthorsController.Update (LibraryApp.Api) in 99.6799ms
2026-06-04 10:44:10.621 +03:00 [INF] HTTP PUT /api/Authors/1 responded 200 in 100.4935 ms
2026-06-04 10:44:10.621 +03:00 [INF] Request finished HTTP/1.1 PUT http://localhost:5112/api/Authors/1 - 200 null application/json; charset=utf-8 101.6933ms
2026-06-04 10:49:29.310 +03:00 [INF] Now listening on: http://localhost:5112
2026-06-04 10:49:29.363 +03:00 [INF] Application started. Press Ctrl+C to shut down.
2026-06-04 10:49:29.364 +03:00 [INF] Hosting environment: Development
2026-06-04 10:49:29.364 +03:00 [INF] Content root path: c:\Users\Thales\Desktop\netcore\LibraryApp\LibraryApp.Api
2026-06-04 10:49:32.959 +03:00 [INF] Request starting HTTP/1.1 PUT http://localhost:5112/api/Authors/1 - application/json 49
2026-06-04 10:49:33.001 +03:00 [INF] CORS policy execution failed.
2026-06-04 10:49:33.002 +03:00 [INF] Request origin http://localhost:5112 does not have permission to access the resource.
2026-06-04 10:49:33.074 +03:00 [INF] Route matched with {action = "Update", controller = "Authors"}. Executing controller action with signature System.Threading.Tasks.Task`1[Microsoft.AspNetCore.Mvc.IActionResult] Update(Int32, LibraryApp.Core.DTOs.UpdateAuthorCommand, System.Threading.CancellationToken) on controller LibraryApp.Api.Controllers.AuthorsController (LibraryApp.Api).
2026-06-04 10:49:36.278 +03:00 [ERR] SQL error while updating author with AuthorId=1: Invalid column name 'UpdatedAt'.
Microsoft.Data.SqlClient.SqlException (0x80131904): Invalid column name 'UpdatedAt'.
   at Microsoft.Data.SqlClient.SqlConnection.OnError(SqlException exception, Boolean breakConnection, Action`1 wrapCloseInAction)
   at Microsoft.Data.SqlClient.SqlInternalConnection.OnError(SqlException exception, Boolean breakConnection, Action`1 wrapCloseInAction)
   at Microsoft.Data.SqlClient.TdsParser.ThrowExceptionAndWarning(TdsParserStateObject stateObj, Boolean callerHasConnectionLock, Boolean asyncClose)
   at Microsoft.Data.SqlClient.TdsParser.TryRun(RunBehavior runBehavior, SqlCommand cmdHandler, SqlDataReader dataStream, BulkCopySimpleResultSet bulkCopyHandler, TdsParserStateObject stateObj, Boolean& dataReady)
   at Microsoft.Data.SqlClient.SqlCommand.FinishExecuteReader(SqlDataReader ds, RunBehavior runBehavior, String resetOptionsString, Boolean isInternal, Boolean forDescribeParameterEncryption, Boolean shouldCacheForAlwaysEncrypted)
   at Microsoft.Data.SqlClient.SqlCommand.CompleteAsyncExecuteReader(Boolean isInternal, Boolean forDescribeParameterEncryption)
   at Microsoft.Data.SqlClient.SqlCommand.InternalEndExecuteNonQuery(IAsyncResult asyncResult, Boolean isInternal, String endMethod)
   at Microsoft.Data.SqlClient.SqlCommand.EndExecuteNonQueryInternal(IAsyncResult asyncResult)
   at Microsoft.Data.SqlClient.SqlCommand.EndExecuteNonQueryAsync(IAsyncResult asyncResult)
   at Microsoft.Data.SqlClient.SqlCommand.<>c.<InternalExecuteNonQueryAsync>b__210_1(IAsyncResult result)
   at System.Threading.Tasks.TaskFactory`1.FromAsyncCoreLogic(IAsyncResult iar, Func`2 endFunction, Action`1 endAction, Task`1 promise, Boolean requiresSynchronization)
--- End of stack trace from previous location ---
   at LibraryApp.Data.Repositories.AuthorRepository.UpdateAsync(Int32 authorId, UpdateAuthorCommand cmd, CancellationToken ct) in c:\Users\Thales\Desktop\netcore\LibraryApp\LibraryApp.Data\Repositories\AuthorRepository.cs:line 171
ClientConnectionId:9b175e92-0324-4b3b-ac1c-689604aac0ca
Error Number:207,State:1,Class:16
2026-06-04 10:49:36.332 +03:00 [INF] Author updated: AuthorId=1, FullName=aaaa
2026-06-04 10:49:36.357 +03:00 [INF] Executing OkObjectResult, writing value of type 'LibraryApp.Core.DTOs.AuthorDto'.
2026-06-04 10:49:36.385 +03:00 [INF] Executed action LibraryApp.Api.Controllers.AuthorsController.Update (LibraryApp.Api) in 3306.0726ms
2026-06-04 10:49:36.392 +03:00 [INF] HTTP PUT /api/Authors/1 responded 200 in 3393.9746 ms
2026-06-04 10:49:36.406 +03:00 [INF] Request finished HTTP/1.1 PUT http://localhost:5112/api/Authors/1 - 200 null application/json; charset=utf-8 3448.1653ms
2026-06-04 10:50:39.055 +03:00 [INF] Now listening on: http://localhost:5112
2026-06-04 10:50:39.096 +03:00 [INF] Application started. Press Ctrl+C to shut down.
2026-06-04 10:50:39.097 +03:00 [INF] Hosting environment: Development
2026-06-04 10:50:39.097 +03:00 [INF] Content root path: c:\Users\Thales\Desktop\netcore\LibraryApp\LibraryApp.Api
2026-06-04 10:50:39.155 +03:00 [INF] Request starting HTTP/1.1 PUT http://localhost:5112/api/Authors/1 - application/json 49
2026-06-04 10:50:39.185 +03:00 [INF] CORS policy execution failed.
2026-06-04 10:50:39.185 +03:00 [INF] Request origin http://localhost:5112 does not have permission to access the resource.
2026-06-04 10:50:39.234 +03:00 [INF] Route matched with {action = "Update", controller = "Authors"}. Executing controller action with signature System.Threading.Tasks.Task`1[Microsoft.AspNetCore.Mvc.IActionResult] Update(Int32, LibraryApp.Core.DTOs.UpdateAuthorCommand, System.Threading.CancellationToken) on controller LibraryApp.Api.Controllers.AuthorsController (LibraryApp.Api).
2026-06-04 10:50:42.184 +03:00 [ERR] SQL error while updating author with AuthorId=1: Incorrect syntax near the keyword 'WHERE'.
Microsoft.Data.SqlClient.SqlException (0x80131904): Incorrect syntax near the keyword 'WHERE'.
   at Microsoft.Data.SqlClient.SqlConnection.OnError(SqlException exception, Boolean breakConnection, Action`1 wrapCloseInAction)
   at Microsoft.Data.SqlClient.SqlInternalConnection.OnError(SqlException exception, Boolean breakConnection, Action`1 wrapCloseInAction)
   at Microsoft.Data.SqlClient.TdsParser.ThrowExceptionAndWarning(TdsParserStateObject stateObj, Boolean callerHasConnectionLock, Boolean asyncClose)
   at Microsoft.Data.SqlClient.TdsParser.TryRun(RunBehavior runBehavior, SqlCommand cmdHandler, SqlDataReader dataStream, BulkCopySimpleResultSet bulkCopyHandler, TdsParserStateObject stateObj, Boolean& dataReady)
   at Microsoft.Data.SqlClient.SqlCommand.FinishExecuteReader(SqlDataReader ds, RunBehavior runBehavior, String resetOptionsString, Boolean isInternal, Boolean forDescribeParameterEncryption, Boolean shouldCacheForAlwaysEncrypted)
   at Microsoft.Data.SqlClient.SqlCommand.CompleteAsyncExecuteReader(Boolean isInternal, Boolean forDescribeParameterEncryption)
   at Microsoft.Data.SqlClient.SqlCommand.InternalEndExecuteNonQuery(IAsyncResult asyncResult, Boolean isInternal, String endMethod)
   at Microsoft.Data.SqlClient.SqlCommand.EndExecuteNonQueryInternal(IAsyncResult asyncResult)
   at Microsoft.Data.SqlClient.SqlCommand.EndExecuteNonQueryAsync(IAsyncResult asyncResult)
   at Microsoft.Data.SqlClient.SqlCommand.<>c.<InternalExecuteNonQueryAsync>b__210_1(IAsyncResult result)
   at System.Threading.Tasks.TaskFactory`1.FromAsyncCoreLogic(IAsyncResult iar, Func`2 endFunction, Action`1 endAction, Task`1 promise, Boolean requiresSynchronization)
--- End of stack trace from previous location ---
   at LibraryApp.Data.Repositories.AuthorRepository.UpdateAsync(Int32 authorId, UpdateAuthorCommand cmd, CancellationToken ct) in c:\Users\Thales\Desktop\netcore\LibraryApp\LibraryApp.Data\Repositories\AuthorRepository.cs:line 170
ClientConnectionId:64e24f74-767c-4f01-8994-07a45f41003f
Error Number:156,State:1,Class:15
2026-06-04 10:50:42.258 +03:00 [INF] Author updated: AuthorId=1, FullName=aaaa
2026-06-04 10:50:42.287 +03:00 [INF] Executing OkObjectResult, writing value of type 'LibraryApp.Core.DTOs.AuthorDto'.
2026-06-04 10:50:42.316 +03:00 [INF] Executed action LibraryApp.Api.Controllers.AuthorsController.Update (LibraryApp.Api) in 3076.5757ms
2026-06-04 10:50:42.321 +03:00 [INF] HTTP PUT /api/Authors/1 responded 200 in 3137.1046 ms
2026-06-04 10:50:42.336 +03:00 [INF] Request finished HTTP/1.1 PUT http://localhost:5112/api/Authors/1 - 200 null application/json; charset=utf-8 3182.142ms
2026-06-04 10:53:01.343 +03:00 [INF] Now listening on: http://localhost:5112
2026-06-04 10:53:01.394 +03:00 [INF] Application started. Press Ctrl+C to shut down.
2026-06-04 10:53:01.395 +03:00 [INF] Hosting environment: Development
2026-06-04 10:53:01.395 +03:00 [INF] Content root path: c:\Users\Thales\Desktop\netcore\LibraryApp\LibraryApp.Api
2026-06-04 10:53:01.424 +03:00 [INF] Request starting HTTP/1.1 PUT http://localhost:5112/api/Authors/1 - application/json 49
2026-06-04 10:53:01.462 +03:00 [INF] CORS policy execution failed.
2026-06-04 10:53:01.462 +03:00 [INF] Request origin http://localhost:5112 does not have permission to access the resource.
2026-06-04 10:53:01.524 +03:00 [INF] Route matched with {action = "Update", controller = "Authors"}. Executing controller action with signature System.Threading.Tasks.Task`1[Microsoft.AspNetCore.Mvc.IActionResult] Update(Int32, LibraryApp.Core.DTOs.UpdateAuthorCommand, System.Threading.CancellationToken) on controller LibraryApp.Api.Controllers.AuthorsController (LibraryApp.Api).
2026-06-04 10:53:04.459 +03:00 [INF] Updated author via raw SQL: AuthorId=1, FullName=aaaa
2026-06-04 10:53:04.490 +03:00 [INF] Author updated: AuthorId=1, FullName=aaaa
2026-06-04 10:53:04.507 +03:00 [INF] Executing OkObjectResult, writing value of type 'LibraryApp.Core.DTOs.AuthorDto'.
2026-06-04 10:53:04.534 +03:00 [INF] Executed action LibraryApp.Api.Controllers.AuthorsController.Update (LibraryApp.Api) in 3006.2182ms
2026-06-04 10:53:04.541 +03:00 [INF] HTTP PUT /api/Authors/1 responded 200 in 3079.5934 ms
2026-06-04 10:53:04.553 +03:00 [INF] Request finished HTTP/1.1 PUT http://localhost:5112/api/Authors/1 - 200 null application/json; charset=utf-8 3130.619ms
2026-06-04 10:55:35.416 +03:00 [INF] Now listening on: http://localhost:5112
2026-06-04 10:55:35.456 +03:00 [INF] Application started. Press Ctrl+C to shut down.
2026-06-04 10:55:35.457 +03:00 [INF] Hosting environment: Development
2026-06-04 10:55:35.457 +03:00 [INF] Content root path: c:\Users\Thales\Desktop\netcore\LibraryApp\LibraryApp.Api
2026-06-04 10:55:42.954 +03:00 [INF] Request starting HTTP/1.1 PUT http://localhost:5112/api/Authors/1 - application/json 49
2026-06-04 10:55:42.989 +03:00 [INF] CORS policy execution failed.
2026-06-04 10:55:42.989 +03:00 [INF] Request origin http://localhost:5112 does not have permission to access the resource.
2026-06-04 10:55:43.037 +03:00 [INF] Route matched with {action = "Update", controller = "Authors"}. Executing controller action with signature System.Threading.Tasks.Task`1[Microsoft.AspNetCore.Mvc.IActionResult] Update(Int32, LibraryApp.Core.DTOs.UpdateAuthorCommand, System.Threading.CancellationToken) on controller LibraryApp.Api.Controllers.AuthorsController (LibraryApp.Api).
2026-06-04 10:55:45.859 +03:00 [INF] Updated author via raw SQL: AuthorId=1, FullName=aaaa
2026-06-04 10:55:45.891 +03:00 [ERR] An error occurred using a transaction.
2026-06-04 10:55:45.898 +03:00 [ERR] An error occurred using a transaction.
2026-06-04 10:55:45.904 +03:00 [INF] Executed action LibraryApp.Api.Controllers.AuthorsController.Update (LibraryApp.Api) in 2863.2212ms
2026-06-04 10:55:45.910 +03:00 [ERR] HTTP PUT /api/Authors/1 responded 500 in 2922.6345 ms
System.InvalidOperationException: This SqlTransaction has completed; it is no longer usable.
   at Microsoft.Data.SqlClient.SqlTransaction.ZombieCheck()
   at Microsoft.Data.SqlClient.SqlTransaction.Rollback()
   at System.Data.Common.DbTransaction.RollbackAsync(CancellationToken cancellationToken)
--- End of stack trace from previous location ---
   at Microsoft.EntityFrameworkCore.Storage.RelationalTransaction.RollbackAsync(CancellationToken cancellationToken)
   at Microsoft.EntityFrameworkCore.Storage.RelationalTransaction.RollbackAsync(CancellationToken cancellationToken)
   at UnitOfWork.RollbackTransactionAsync(CancellationToken ct) in c:\Users\Thales\Desktop\netcore\LibraryApp\LibraryApp.Data\UnitOfWork.cs:line 36
   at LibraryApp.Data.Services.AuthorService.UpdateAsync(Int32 authorId, UpdateAuthorCommand cmd, CancellationToken ct) in c:\Users\Thales\Desktop\netcore\LibraryApp\LibraryApp.Data\Services\AuthorService.cs:line 96
   at LibraryApp.Api.Controllers.AuthorsController.Update(Int32 id, UpdateAuthorCommand command, CancellationToken ct) in c:\Users\Thales\Desktop\netcore\LibraryApp\LibraryApp.Api\Controllers\AuthorsController.cs:line 66
   at Microsoft.AspNetCore.Mvc.Infrastructure.ActionMethodExecutor.TaskOfIActionResultExecutor.Execute(ActionContext actionContext, IActionResultTypeMapper mapper, ObjectMethodExecutor executor, Object controller, Object[] arguments)
   at Microsoft.AspNetCore.Mvc.Infrastructure.ControllerActionInvoker.<InvokeActionMethodAsync>g__Awaited|12_0(ControllerActionInvoker invoker, ValueTask`1 actionResultValueTask)
   at Microsoft.AspNetCore.Mvc.Infrastructure.ControllerActionInvoker.<InvokeNextActionFilterAsync>g__Awaited|10_0(ControllerActionInvoker invoker, Task lastTask, State next, Scope scope, Object state, Boolean isCompleted)
   at Microsoft.AspNetCore.Mvc.Infrastructure.ControllerActionInvoker.Rethrow(ActionExecutedContextSealed context)
   at Microsoft.AspNetCore.Mvc.Infrastructure.ControllerActionInvoker.Next(State& next, Scope& scope, Object& state, Boolean& isCompleted)
   at Microsoft.AspNetCore.Mvc.Infrastructure.ControllerActionInvoker.<InvokeInnerFilterAsync>g__Awaited|13_0(ControllerActionInvoker invoker, Task lastTask, State next, Scope scope, Object state, Boolean isCompleted)
   at Microsoft.AspNetCore.Mvc.Infrastructure.ResourceInvoker.<InvokeFilterPipelineAsync>g__Awaited|20_0(ResourceInvoker invoker, Task lastTask, State next, Scope scope, Object state, Boolean isCompleted)
   at Microsoft.AspNetCore.Mvc.Infrastructure.ResourceInvoker.<InvokeAsync>g__Logged|17_1(ResourceInvoker invoker)
   at Microsoft.AspNetCore.Mvc.Infrastructure.ResourceInvoker.<InvokeAsync>g__Logged|17_1(ResourceInvoker invoker)
   at Swashbuckle.AspNetCore.SwaggerUI.SwaggerUIMiddleware.Invoke(HttpContext httpContext)
   at Swashbuckle.AspNetCore.Swagger.SwaggerMiddleware.Invoke(HttpContext httpContext, ISwaggerProvider swaggerProvider)
   at Serilog.AspNetCore.RequestLoggingMiddleware.Invoke(HttpContext httpContext)
2026-06-04 10:55:45.942 +03:00 [ERR] Unhandled exception on PUT /api/Authors/1
System.InvalidOperationException: This SqlTransaction has completed; it is no longer usable.
   at Microsoft.Data.SqlClient.SqlTransaction.ZombieCheck()
   at Microsoft.Data.SqlClient.SqlTransaction.Rollback()
   at System.Data.Common.DbTransaction.RollbackAsync(CancellationToken cancellationToken)
--- End of stack trace from previous location ---
   at Microsoft.EntityFrameworkCore.Storage.RelationalTransaction.RollbackAsync(CancellationToken cancellationToken)
   at Microsoft.EntityFrameworkCore.Storage.RelationalTransaction.RollbackAsync(CancellationToken cancellationToken)
   at UnitOfWork.RollbackTransactionAsync(CancellationToken ct) in c:\Users\Thales\Desktop\netcore\LibraryApp\LibraryApp.Data\UnitOfWork.cs:line 36
   at LibraryApp.Data.Services.AuthorService.UpdateAsync(Int32 authorId, UpdateAuthorCommand cmd, CancellationToken ct) in c:\Users\Thales\Desktop\netcore\LibraryApp\LibraryApp.Data\Services\AuthorService.cs:line 96
   at LibraryApp.Api.Controllers.AuthorsController.Update(Int32 id, UpdateAuthorCommand command, CancellationToken ct) in c:\Users\Thales\Desktop\netcore\LibraryApp\LibraryApp.Api\Controllers\AuthorsController.cs:line 66
   at Microsoft.AspNetCore.Mvc.Infrastructure.ActionMethodExecutor.TaskOfIActionResultExecutor.Execute(ActionContext actionContext, IActionResultTypeMapper mapper, ObjectMethodExecutor executor, Object controller, Object[] arguments)
   at Microsoft.AspNetCore.Mvc.Infrastructure.ControllerActionInvoker.<InvokeActionMethodAsync>g__Awaited|12_0(ControllerActionInvoker invoker, ValueTask`1 actionResultValueTask)
   at Microsoft.AspNetCore.Mvc.Infrastructure.ControllerActionInvoker.<InvokeNextActionFilterAsync>g__Awaited|10_0(ControllerActionInvoker invoker, Task lastTask, State next, Scope scope, Object state, Boolean isCompleted)
   at Microsoft.AspNetCore.Mvc.Infrastructure.ControllerActionInvoker.Rethrow(ActionExecutedContextSealed context)
   at Microsoft.AspNetCore.Mvc.Infrastructure.ControllerActionInvoker.Next(State& next, Scope& scope, Object& state, Boolean& isCompleted)
   at Microsoft.AspNetCore.Mvc.Infrastructure.ControllerActionInvoker.<InvokeInnerFilterAsync>g__Awaited|13_0(ControllerActionInvoker invoker, Task lastTask, State next, Scope scope, Object state, Boolean isCompleted)
   at Microsoft.AspNetCore.Mvc.Infrastructure.ResourceInvoker.<InvokeFilterPipelineAsync>g__Awaited|20_0(ResourceInvoker invoker, Task lastTask, State next, Scope scope, Object state, Boolean isCompleted)
   at Microsoft.AspNetCore.Mvc.Infrastructure.ResourceInvoker.<InvokeAsync>g__Logged|17_1(ResourceInvoker invoker)
   at Microsoft.AspNetCore.Mvc.Infrastructure.ResourceInvoker.<InvokeAsync>g__Logged|17_1(ResourceInvoker invoker)
   at Swashbuckle.AspNetCore.SwaggerUI.SwaggerUIMiddleware.Invoke(HttpContext httpContext)
   at Swashbuckle.AspNetCore.Swagger.SwaggerMiddleware.Invoke(HttpContext httpContext, ISwaggerProvider swaggerProvider)
   at Serilog.AspNetCore.RequestLoggingMiddleware.Invoke(HttpContext httpContext)
   at LibraryApp.Api.Middleware.ExceptionMiddleware.InvokeAsync(HttpContext context) in c:\Users\Thales\Desktop\netcore\LibraryApp\LibraryApp.Api\Middleware\ExceptionMiddleware.cs:line 22
2026-06-04 10:55:45.988 +03:00 [INF] Request finished HTTP/1.1 PUT http://localhost:5112/api/Authors/1 - 500 null application/problem+json 3035.353ms
2026-06-04 10:55:54.353 +03:00 [INF] Request starting HTTP/1.1 PUT http://localhost:5112/api/Authors/1 - application/json 46
2026-06-04 10:55:54.359 +03:00 [INF] CORS policy execution failed.
2026-06-04 10:55:54.359 +03:00 [INF] Request origin http://localhost:5112 does not have permission to access the resource.
2026-06-04 10:55:54.360 +03:00 [INF] Route matched with {action = "Update", controller = "Authors"}. Executing controller action with signature System.Threading.Tasks.Task`1[Microsoft.AspNetCore.Mvc.IActionResult] Update(Int32, LibraryApp.Core.DTOs.UpdateAuthorCommand, System.Threading.CancellationToken) on controller LibraryApp.Api.Controllers.AuthorsController (LibraryApp.Api).
2026-06-04 10:55:54.404 +03:00 [INF] Updated author via raw SQL: AuthorId=1, FullName=s
2026-06-04 10:55:54.405 +03:00 [ERR] An error occurred using a transaction.
2026-06-04 10:55:54.406 +03:00 [ERR] An error occurred using a transaction.
2026-06-04 10:55:54.407 +03:00 [INF] Executed action LibraryApp.Api.Controllers.AuthorsController.Update (LibraryApp.Api) in 45.8006ms
2026-06-04 10:55:54.407 +03:00 [ERR] HTTP PUT /api/Authors/1 responded 500 in 49.9143 ms
System.InvalidOperationException: This SqlTransaction has completed; it is no longer usable.
   at Microsoft.Data.SqlClient.SqlTransaction.ZombieCheck()
   at Microsoft.Data.SqlClient.SqlTransaction.Rollback()
   at System.Data.Common.DbTransaction.RollbackAsync(CancellationToken cancellationToken)
--- End of stack trace from previous location ---
   at Microsoft.EntityFrameworkCore.Storage.RelationalTransaction.RollbackAsync(CancellationToken cancellationToken)
   at Microsoft.EntityFrameworkCore.Storage.RelationalTransaction.RollbackAsync(CancellationToken cancellationToken)
   at UnitOfWork.RollbackTransactionAsync(CancellationToken ct) in c:\Users\Thales\Desktop\netcore\LibraryApp\LibraryApp.Data\UnitOfWork.cs:line 36
   at LibraryApp.Data.Services.AuthorService.UpdateAsync(Int32 authorId, UpdateAuthorCommand cmd, CancellationToken ct) in c:\Users\Thales\Desktop\netcore\LibraryApp\LibraryApp.Data\Services\AuthorService.cs:line 96
   at LibraryApp.Api.Controllers.AuthorsController.Update(Int32 id, UpdateAuthorCommand command, CancellationToken ct) in c:\Users\Thales\Desktop\netcore\LibraryApp\LibraryApp.Api\Controllers\AuthorsController.cs:line 66
   at Microsoft.AspNetCore.Mvc.Infrastructure.ActionMethodExecutor.TaskOfIActionResultExecutor.Execute(ActionContext actionContext, IActionResultTypeMapper mapper, ObjectMethodExecutor executor, Object controller, Object[] arguments)
   at Microsoft.AspNetCore.Mvc.Infrastructure.ControllerActionInvoker.<InvokeActionMethodAsync>g__Awaited|12_0(ControllerActionInvoker invoker, ValueTask`1 actionResultValueTask)
   at Microsoft.AspNetCore.Mvc.Infrastructure.ControllerActionInvoker.<InvokeNextActionFilterAsync>g__Awaited|10_0(ControllerActionInvoker invoker, Task lastTask, State next, Scope scope, Object state, Boolean isCompleted)
   at Microsoft.AspNetCore.Mvc.Infrastructure.ControllerActionInvoker.Rethrow(ActionExecutedContextSealed context)
   at Microsoft.AspNetCore.Mvc.Infrastructure.ControllerActionInvoker.Next(State& next, Scope& scope, Object& state, Boolean& isCompleted)
   at Microsoft.AspNetCore.Mvc.Infrastructure.ControllerActionInvoker.<InvokeInnerFilterAsync>g__Awaited|13_0(ControllerActionInvoker invoker, Task lastTask, State next, Scope scope, Object state, Boolean isCompleted)
   at Microsoft.AspNetCore.Mvc.Infrastructure.ResourceInvoker.<InvokeFilterPipelineAsync>g__Awaited|20_0(ResourceInvoker invoker, Task lastTask, State next, Scope scope, Object state, Boolean isCompleted)
   at Microsoft.AspNetCore.Mvc.Infrastructure.ResourceInvoker.<InvokeAsync>g__Logged|17_1(ResourceInvoker invoker)
   at Microsoft.AspNetCore.Mvc.Infrastructure.ResourceInvoker.<InvokeAsync>g__Logged|17_1(ResourceInvoker invoker)
   at Swashbuckle.AspNetCore.SwaggerUI.SwaggerUIMiddleware.Invoke(HttpContext httpContext)
   at Swashbuckle.AspNetCore.Swagger.SwaggerMiddleware.Invoke(HttpContext httpContext, ISwaggerProvider swaggerProvider)
   at Serilog.AspNetCore.RequestLoggingMiddleware.Invoke(HttpContext httpContext)
2026-06-04 10:55:54.412 +03:00 [ERR] Unhandled exception on PUT /api/Authors/1
System.InvalidOperationException: This SqlTransaction has completed; it is no longer usable.
   at Microsoft.Data.SqlClient.SqlTransaction.ZombieCheck()
   at Microsoft.Data.SqlClient.SqlTransaction.Rollback()
   at System.Data.Common.DbTransaction.RollbackAsync(CancellationToken cancellationToken)
--- End of stack trace from previous location ---
   at Microsoft.EntityFrameworkCore.Storage.RelationalTransaction.RollbackAsync(CancellationToken cancellationToken)
   at Microsoft.EntityFrameworkCore.Storage.RelationalTransaction.RollbackAsync(CancellationToken cancellationToken)
   at UnitOfWork.RollbackTransactionAsync(CancellationToken ct) in c:\Users\Thales\Desktop\netcore\LibraryApp\LibraryApp.Data\UnitOfWork.cs:line 36
   at LibraryApp.Data.Services.AuthorService.UpdateAsync(Int32 authorId, UpdateAuthorCommand cmd, CancellationToken ct) in c:\Users\Thales\Desktop\netcore\LibraryApp\LibraryApp.Data\Services\AuthorService.cs:line 96
   at LibraryApp.Api.Controllers.AuthorsController.Update(Int32 id, UpdateAuthorCommand command, CancellationToken ct) in c:\Users\Thales\Desktop\netcore\LibraryApp\LibraryApp.Api\Controllers\AuthorsController.cs:line 66
   at Microsoft.AspNetCore.Mvc.Infrastructure.ActionMethodExecutor.TaskOfIActionResultExecutor.Execute(ActionContext actionContext, IActionResultTypeMapper mapper, ObjectMethodExecutor executor, Object controller, Object[] arguments)
   at Microsoft.AspNetCore.Mvc.Infrastructure.ControllerActionInvoker.<InvokeActionMethodAsync>g__Awaited|12_0(ControllerActionInvoker invoker, ValueTask`1 actionResultValueTask)
   at Microsoft.AspNetCore.Mvc.Infrastructure.ControllerActionInvoker.<InvokeNextActionFilterAsync>g__Awaited|10_0(ControllerActionInvoker invoker, Task lastTask, State next, Scope scope, Object state, Boolean isCompleted)
   at Microsoft.AspNetCore.Mvc.Infrastructure.ControllerActionInvoker.Rethrow(ActionExecutedContextSealed context)
   at Microsoft.AspNetCore.Mvc.Infrastructure.ControllerActionInvoker.Next(State& next, Scope& scope, Object& state, Boolean& isCompleted)
   at Microsoft.AspNetCore.Mvc.Infrastructure.ControllerActionInvoker.<InvokeInnerFilterAsync>g__Awaited|13_0(ControllerActionInvoker invoker, Task lastTask, State next, Scope scope, Object state, Boolean isCompleted)
   at Microsoft.AspNetCore.Mvc.Infrastructure.ResourceInvoker.<InvokeFilterPipelineAsync>g__Awaited|20_0(ResourceInvoker invoker, Task lastTask, State next, Scope scope, Object state, Boolean isCompleted)
   at Microsoft.AspNetCore.Mvc.Infrastructure.ResourceInvoker.<InvokeAsync>g__Logged|17_1(ResourceInvoker invoker)
   at Microsoft.AspNetCore.Mvc.Infrastructure.ResourceInvoker.<InvokeAsync>g__Logged|17_1(ResourceInvoker invoker)
   at Swashbuckle.AspNetCore.SwaggerUI.SwaggerUIMiddleware.Invoke(HttpContext httpContext)
   at Swashbuckle.AspNetCore.Swagger.SwaggerMiddleware.Invoke(HttpContext httpContext, ISwaggerProvider swaggerProvider)
   at Serilog.AspNetCore.RequestLoggingMiddleware.Invoke(HttpContext httpContext)
   at LibraryApp.Api.Middleware.ExceptionMiddleware.InvokeAsync(HttpContext context) in c:\Users\Thales\Desktop\netcore\LibraryApp\LibraryApp.Api\Middleware\ExceptionMiddleware.cs:line 22
2026-06-04 10:55:54.417 +03:00 [INF] Request finished HTTP/1.1 PUT http://localhost:5112/api/Authors/1 - 500 null application/problem+json 63.2598ms
2026-06-04 11:39:24.756 +03:00 [INF] Now listening on: http://localhost:5112
2026-06-04 11:39:24.814 +03:00 [INF] Application started. Press Ctrl+C to shut down.
2026-06-04 11:39:24.816 +03:00 [INF] Hosting environment: Development
2026-06-04 11:39:24.816 +03:00 [INF] Content root path: c:\Users\Thales\Desktop\netcore\LibraryApp\LibraryApp.Api
2026-06-04 11:40:16.745 +03:00 [INF] Request starting HTTP/1.1 GET http://localhost:5112/index.html - null null
2026-06-04 11:40:16.946 +03:00 [INF] HTTP GET /index.html responded 200 in 155.3636 ms
2026-06-04 11:40:16.951 +03:00 [INF] Request finished HTTP/1.1 GET http://localhost:5112/index.html - 200 null text/html;charset=utf-8 209.3267ms
2026-06-04 11:40:17.568 +03:00 [INF] Request starting HTTP/1.1 GET http://localhost:5112/swagger/v1/swagger.json - null null
2026-06-04 11:40:17.828 +03:00 [INF] HTTP GET /swagger/v1/swagger.json responded 200 in 258.7865 ms
2026-06-04 11:40:17.830 +03:00 [INF] Request finished HTTP/1.1 GET http://localhost:5112/swagger/v1/swagger.json - 200 null application/json;charset=utf-8 262.3045ms
2026-06-04 11:40:31.730 +03:00 [INF] Request starting HTTP/1.1 PUT http://localhost:5112/api/Authors/1 - application/json 46
2026-06-04 11:40:31.744 +03:00 [INF] CORS policy execution failed.
2026-06-04 11:40:31.747 +03:00 [INF] Request origin http://localhost:5112 does not have permission to access the resource.
2026-06-04 11:40:31.782 +03:00 [INF] Route matched with {action = "Update", controller = "Authors"}. Executing controller action with signature System.Threading.Tasks.Task`1[Microsoft.AspNetCore.Mvc.IActionResult] Update(Int32, LibraryApp.Core.DTOs.UpdateAuthorCommand, System.Threading.CancellationToken) on controller LibraryApp.Api.Controllers.AuthorsController (LibraryApp.Api).
2026-06-04 11:40:34.966 +03:00 [INF] Updated author via pure ADO.NET: AuthorId=1
2026-06-04 11:40:34.996 +03:00 [INF] Author updated: AuthorId=1, FullName=ssss
2026-06-04 11:40:35.015 +03:00 [INF] Executing OkObjectResult, writing value of type 'LibraryApp.Core.DTOs.AuthorDto'.
2026-06-04 11:40:35.032 +03:00 [INF] Executed action LibraryApp.Api.Controllers.AuthorsController.Update (LibraryApp.Api) in 3245.6868ms
2026-06-04 11:40:35.033 +03:00 [INF] HTTP PUT /api/Authors/1 responded 200 in 3296.0281 ms
2026-06-04 11:40:35.044 +03:00 [INF] Request finished HTTP/1.1 PUT http://localhost:5112/api/Authors/1 - 200 null application/json; charset=utf-8 3313.9818ms
2026-06-04 12:47:41.583 +03:00 [INF] Now listening on: http://localhost:5112
2026-06-04 12:47:41.629 +03:00 [INF] Application started. Press Ctrl+C to shut down.
2026-06-04 12:47:41.630 +03:00 [INF] Hosting environment: Development
2026-06-04 12:47:41.630 +03:00 [INF] Content root path: c:\Users\Thales\Desktop\netcore\LibraryApp\LibraryApp.Api
2026-06-04 12:48:14.170 +03:00 [INF] Request starting HTTP/1.1 GET http://localhost:5112/index.html - null null
2026-06-04 12:48:14.357 +03:00 [INF] HTTP GET /index.html responded 200 in 159.6080 ms
2026-06-04 12:48:14.363 +03:00 [INF] Request finished HTTP/1.1 GET http://localhost:5112/index.html - 200 null text/html;charset=utf-8 198.0401ms
2026-06-04 12:48:14.838 +03:00 [INF] Request starting HTTP/1.1 GET http://localhost:5112/swagger/v1/swagger.json - null null
2026-06-04 12:48:15.082 +03:00 [INF] HTTP GET /swagger/v1/swagger.json responded 200 in 243.1283 ms
2026-06-04 12:48:15.083 +03:00 [INF] Request finished HTTP/1.1 GET http://localhost:5112/swagger/v1/swagger.json - 200 null application/json;charset=utf-8 245.1278ms
2026-06-04 12:48:22.032 +03:00 [INF] Request starting HTTP/1.1 GET http://localhost:5112/api/Loans/export - null null
2026-06-04 12:48:22.102 +03:00 [INF] Route matched with {action = "Export", controller = "Loans"}. Executing controller action with signature System.Threading.Tasks.Task`1[Microsoft.AspNetCore.Mvc.IActionResult] Export(System.Threading.CancellationToken) on controller LibraryApp.Api.Controllers.LoansController (LibraryApp.Api).
2026-06-04 12:48:24.676 +03:00 [INF] Executing FileContentResult, sending file with download name 'loans-2026-06-04.csv' ...
2026-06-04 12:48:24.687 +03:00 [INF] Executed action LibraryApp.Api.Controllers.LoansController.Export (LibraryApp.Api) in 2580.1583ms
2026-06-04 12:48:24.688 +03:00 [INF] HTTP GET /api/Loans/export responded 200 in 2636.4277 ms
2026-06-04 12:48:24.698 +03:00 [INF] Request finished HTTP/1.1 GET http://localhost:5112/api/Loans/export - 200 290 text/csv 2666.008ms
2026-06-04 12:48:27.959 +03:00 [INF] Request starting HTTP/1.1 GET http://localhost:5112/api/Loans/export - null null
2026-06-04 12:48:27.961 +03:00 [INF] Route matched with {action = "Export", controller = "Loans"}. Executing controller action with signature System.Threading.Tasks.Task`1[Microsoft.AspNetCore.Mvc.IActionResult] Export(System.Threading.CancellationToken) on controller LibraryApp.Api.Controllers.LoansController (LibraryApp.Api).
2026-06-04 12:48:27.982 +03:00 [INF] Executing FileContentResult, sending file with download name 'loans-2026-06-04.csv' ...
2026-06-04 12:48:27.982 +03:00 [INF] Executed action LibraryApp.Api.Controllers.LoansController.Export (LibraryApp.Api) in 20.7463ms
2026-06-04 12:48:27.982 +03:00 [INF] HTTP GET /api/Loans/export responded 200 in 21.4898 ms
2026-06-04 12:48:27.983 +03:00 [INF] Request finished HTTP/1.1 GET http://localhost:5112/api/Loans/export - 200 290 text/csv 23.8538ms
2026-06-04 13:30:44.210 +03:00 [INF] Now listening on: http://localhost:5112
2026-06-04 13:30:44.262 +03:00 [INF] Application started. Press Ctrl+C to shut down.
2026-06-04 13:30:44.262 +03:00 [INF] Hosting environment: Development
2026-06-04 13:30:44.262 +03:00 [INF] Content root path: c:\Users\Thales\Desktop\netcore\LibraryApp\LibraryApp.Api
2026-06-04 13:30:49.396 +03:00 [INF] Request starting HTTP/1.1 GET http://localhost:5112/index.html - null null
2026-06-04 13:30:49.570 +03:00 [INF] HTTP GET /index.html responded 200 in 143.2471 ms
2026-06-04 13:30:49.576 +03:00 [INF] Request finished HTTP/1.1 GET http://localhost:5112/index.html - 200 null text/html;charset=utf-8 180.8984ms
2026-06-04 13:30:49.974 +03:00 [INF] Request starting HTTP/1.1 GET http://localhost:5112/swagger/v1/swagger.json - null null
2026-06-04 13:30:50.234 +03:00 [INF] HTTP GET /swagger/v1/swagger.json responded 200 in 258.1674 ms
2026-06-04 13:30:50.236 +03:00 [INF] Request finished HTTP/1.1 GET http://localhost:5112/swagger/v1/swagger.json - 200 null application/json;charset=utf-8 262.0363ms
2026-06-04 13:30:55.404 +03:00 [INF] Request starting HTTP/1.1 GET http://localhost:5112/api/Loans/export - null null
2026-06-04 13:30:55.451 +03:00 [INF] Route matched with {action = "Export", controller = "Loans"}. Executing controller action with signature System.Threading.Tasks.Task`1[Microsoft.AspNetCore.Mvc.IActionResult] Export(System.Threading.CancellationToken) on controller LibraryApp.Api.Controllers.LoansController (LibraryApp.Api).
2026-06-04 13:30:58.029 +03:00 [INF] Executing FileContentResult, sending file with download name 'loans-2026-06-04.csv' ...
2026-06-04 13:30:58.039 +03:00 [INF] Executed action LibraryApp.Api.Controllers.LoansController.Export (LibraryApp.Api) in 2582.2628ms
2026-06-04 13:30:58.041 +03:00 [INF] HTTP GET /api/Loans/export responded 200 in 2630.3127 ms
2026-06-04 13:30:58.047 +03:00 [INF] Request finished HTTP/1.1 GET http://localhost:5112/api/Loans/export - 200 290 text/csv 2642.7488ms
